 LX

 Timestamp is 5bad98d7 (Fri Sep 28 10:58:31 2018)

 Preferred load address is 10000000

 Start         Length     Name                   Class
 0001:00000000 00000060H .text$di                CODE
 0001:00000060 0001d4c0H .text$mn                CODE
 0001:0001d520 00000021H .text$yd                CODE
 0002:00000000 00000138H .idata$5                DATA
 0002:00000138 00000004H .00cfg                  DATA
 0002:0000013c 00000004H .CRT$XCA                DATA
 0002:00000140 00000010H .CRT$XCU                DATA
 0002:00000150 00000004H .CRT$XCZ                DATA
 0002:00000154 00000004H .CRT$XIA                DATA
 0002:00000158 0000000cH .CRT$XIC                DATA
 0002:00000164 00000004H .CRT$XIZ                DATA
 0002:00000168 00000004H .CRT$XPA                DATA
 0002:0000016c 00000008H .CRT$XPX                DATA
 0002:00000174 00000004H .CRT$XPXA               DATA
 0002:00000178 00000004H .CRT$XPZ                DATA
 0002:0000017c 00000004H .CRT$XTA                DATA
 0002:00000180 00000010H .CRT$XTZ                DATA
 0002:00000190 000071d4H .rdata                  DATA
 0002:00007364 0000021cH .rdata$r                DATA
 0002:00007580 0000000cH .rdata$sxdata           DATA
 0002:0000758c 000003e0H .rdata$zzzdbg           DATA
 0002:0000796c 00000004H .rtc$IAA                DATA
 0002:00007970 00000004H .rtc$IZZ                DATA
 0002:00007974 00000004H .rtc$TAA                DATA
 0002:00007978 00000008H .rtc$TZZ                DATA
 0002:00007980 00000620H .xdata$x                DATA
 0002:00007fa0 00000020H .didat$2                DATA
 0002:00007fc0 00000020H .didat$3                DATA
 0002:00007fe0 00000074H .didat$4                DATA
 0002:00008054 00000750H .didat$6                DATA
 0002:000087a4 0000007cH .didat$7                DATA
 0002:00008820 00000048H .edata                  DATA
 0002:00008868 00000014H .idata$2                DATA
 0002:0000887c 00000014H .idata$3                DATA
 0002:00008890 00000138H .idata$4                DATA
 0002:000089c8 000005a4H .idata$6                DATA
 0003:00000000 000559c4H .data                   DATA
 0003:000559c4 000000f8H .data$r                 DATA
 0003:00055abc 00000074H .didat$5                DATA
 0003:00055b30 00000d34H .bss                    DATA
 0004:00000000 000000c0H .gfids$x                DATA
 0004:000000c0 00000070H .gfids$y                DATA
 0005:00000000 00000060H .rsrc$01                DATA
 0005:00000060 00000180H .rsrc$02                DATA

  Address         Publics by Value              Rva+Base       Lib:Object

 0000:00000000       __except_list              00000000     <absolute>
 0000:00000000       ___guard_longjmp_count     00000000     <absolute>
 0000:00000000       ___guard_fids_count        00000000     <absolute>
 0000:00000000       ___guard_longjmp_table     00000000     <absolute>
 0000:00000000       ___guard_iat_table         00000000     <absolute>
 0000:00000000       ___guard_iat_count         00000000     <absolute>
 0000:00000000       ___guard_fids_table        00000000     <absolute>
 0000:00000000       ___dynamic_value_reloc_table 00000000     <absolute>
 0000:00000003       ___safe_se_handler_count   00000003     <absolute>
 0000:00000100       ___guard_flags             00000100     <absolute>
 0000:00000000       ___ImageBase               10000000     <linker-defined>
 0001:00000060       ___local_stdio_printf_options 10001060 f i lxled.obj
 0001:00000070       _printf                    10001070 f i lxled.obj
 0001:000000b0       ??0exception@stdext@@QAE@ABV01@@Z 100010b0 f i lxled.obj
 0001:000000d0       ?what@exception@stdext@@UBEPBDXZ 100010d0 f i lxled.obj
 0001:000000e0       ___except_validate_context_record 100010e0 f i libvcruntime:jbcxrval.obj
 0001:000000e0       @_guard_check_icall_nop@4  100010e0 f i LIBCMT:guard_support.obj
 0001:000000e0       ___except_validate_jump_buffer 100010e0 f i libvcruntime:jbcxrval.obj
 0001:000000e0       ?_Doraise@exception@stdext@@MBEXXZ 100010e0 f i lxled.obj
 0001:000000f0       ??_Eexception@stdext@@UAEPAXI@Z 100010f0 f i * CIL library *:* CIL module *
 0001:000000f0       ??_Gexception@stdext@@UAEPAXI@Z 100010f0 f i lxled.obj
 0001:000000f0       ??_Glogic_error@std@@UAEPAXI@Z 100010f0 f i lxled.obj
 0001:000000f0       ??_Elogic_error@std@@UAEPAXI@Z 100010f0 f i * CIL library *:* CIL module *
 0001:00000120       ??1logic_error@std@@UAE@XZ 10001120 f i lxled.obj
 0001:00000130       ?NODE_SET_PROTOTYPE_METHOD@node@@YAXV?$Local@VFunctionTemplate@v8@@@v8@@PBDP6AXABV?$FunctionCallbackInfo@VValue@v8@@@3@@Z@Z 10001130 f i lxled.obj
 0001:000001e0       ?Wrap@ObjectWrap@node@@IAEXV?$Local@VObject@v8@@@v8@@@Z 100011e0 f i lxled.obj
 0001:00000290       ?Ref@ObjectWrap@node@@MAEXXZ 10001290 f i lxled.obj
 0001:000002c0       ?Unref@ObjectWrap@node@@MAEXXZ 100012c0 f i lxled.obj
 0001:00000350       ?WeakCallback@ObjectWrap@node@@CAXABV?$WeakCallbackInfo@VObjectWrap@node@@@v8@@@Z 10001350 f i lxled.obj
 0001:000003a0       ??_GObjectWrap@node@@UAEPAXI@Z 100013a0 f i lxled.obj
 0001:000003a0       ??_EObjectWrap@node@@UAEPAXI@Z 100013a0 f i * CIL library *:* CIL module *
 0001:00000420       ?utf8to16@@YA?AV?$basic_string@_WU?$char_traits@_W@std@@V?$allocator@_W@2@@std@@ABV?$basic_string@DU?$char_traits@D@std@@V?$allocator@D@2@@2@@Z 10001420 f   lxled.obj
 0001:00000950       ??0logic_error@std@@QAE@ABV01@@Z 10001950 f i lxled.obj
 0001:00000970       ??_ELxLed@@UAEPAXI@Z       10001970 f i * CIL library *:* CIL module *
 0001:00000970       ??_GLxLed@@UAEPAXI@Z       10001970 f i lxled.obj
 0001:00000990       ??1LxLed@@UAE@XZ           10001990 f   lxled.obj
 0001:00000a20       ?Init@LxLed@@SAXV?$Local@VObject@v8@@@v8@@@Z 10001a20 f   lxled.obj
 0001:00000ba0       ?New@LxLed@@SAXABV?$FunctionCallbackInfo@VValue@v8@@@v8@@@Z 10001ba0 f   lxled.obj
 0001:00000cb0       ??0InitDLL@LxLed@@QAE@XZ   10001cb0 f   lxled.obj
 0001:00000e00       ?setCut@LxLed@@SAXABV?$FunctionCallbackInfo@VValue@v8@@@v8@@@Z 10001e00 f   lxled.obj
 0001:00001160       ?deleteAll@LxLed@@SAXABV?$FunctionCallbackInfo@VValue@v8@@@v8@@@Z 10002160 f   lxled.obj
 0001:00001380       ?sendText@LxLed@@SAXABV?$FunctionCallbackInfo@VValue@v8@@@v8@@@Z 10002380 f   lxled.obj
 0001:00002190       ?sendPic@LxLed@@SAXABV?$FunctionCallbackInfo@VValue@v8@@@v8@@@Z 10003190 f   lxled.obj
 0001:00002e60       ?addClock@LxLed@@SAXABV?$FunctionCallbackInfo@VValue@v8@@@v8@@@Z 10003e60 f   lxled.obj
 0001:00003c40       ?send@LxLed@@SAXABV?$FunctionCallbackInfo@VValue@v8@@@v8@@@Z 10004c40 f   lxled.obj
 0001:000040a0       ?adjustTime@LxLed@@SAXABV?$FunctionCallbackInfo@VValue@v8@@@v8@@@Z 100050a0 f   lxled.obj
 0001:00004320       ??1?$basic_string@DU?$char_traits@D@std@@V?$allocator@D@2@@std@@QAE@XZ 10005320 f i lxled.obj
 0001:00004390       ?_Traits_compare@?$basic_string@DU?$char_traits@D@std@@V?$allocator@D@2@@std@@SAHQBDI0I@Z 10005390 f i lxled.obj
 0001:00004420       ?assign@?$basic_string@DU?$char_traits@D@std@@V?$allocator@D@2@@std@@QAEAAV12@PBDI@Z 10005420 f i lxled.obj
 0001:00004520       ?assign@?$basic_string@DU?$char_traits@D@std@@V?$allocator@D@2@@std@@QAEAAV12@ABV12@II@Z 10005520 f i lxled.obj
 0001:00004630       ?_Reallocate@?$vector@KV?$allocator@K@std@@@std@@IAEXI@Z 10005630 f i lxled.obj
 0001:00004720       ?erase@?$_Tree@V?$_Tmap_traits@V?$basic_string@DU?$char_traits@D@std@@V?$allocator@D@2@@std@@V?$Persistent@VFunction@v8@@V?$NonCopyablePersistentTraits@VFunction@v8@@@2@@v8@@U?$less@V?$basic_string@DU?$char_traits@D@std@@V?$allocator@D@2@@std@@@2@V?$allocator@U?$pair@$$CBV?$basic_string@DU?$char_traits@D@std@@V?$allocator@D@2@@std@@V?$Persistent@VFunction@v8@@V?$NonCopyablePersistentTraits@VFunction@v8@@@2@@v8@@@std@@@2@$0A@@std@@@std@@QAE?AV?$_Tree_iterator@V?$_Tree_val@U?$_Tree_simple_types@U?$pair@$$CBV?$basic_string@DU?$char_traits@D@std@@V?$allocator@D@2@@std@@V?$Persistent@VFunction@v8@@V?$NonCopyablePersistentTraits@VFunction@v8@@@2@@v8@@@std@@@std@@@std@@@2@V?$_Tree_const_iterator@V?$_Tree_val@U?$_Tree_simple_types@U?$pair@$$CBV?$basic_string@DU?$char_traits@D@std@@V?$allocator@D@2@@std@@V?$Persistent@VFunction@v8@@V?$NonCopyablePersistentTraits@VFunction@v8@@@2@@v8@@@std@@@std@@@std@@@2@0@Z 10005720 f i lxled.obj
 0001:000047e0       ?deallocate@?$_Wrap_alloc@V?$allocator@_W@std@@@std@@QAEXPA_WI@Z 100057e0 f i lxled.obj
 0001:00004840       ?erase@?$basic_string@DU?$char_traits@D@std@@V?$allocator@D@2@@std@@QAEAAV12@II@Z 10005840 f i lxled.obj
 0001:000048c0       ?erase@?$_Tree@V?$_Tmap_traits@V?$basic_string@DU?$char_traits@D@std@@V?$allocator@D@2@@std@@V?$Persistent@VFunction@v8@@V?$NonCopyablePersistentTraits@VFunction@v8@@@2@@v8@@U?$less@V?$basic_string@DU?$char_traits@D@std@@V?$allocator@D@2@@std@@@2@V?$allocator@U?$pair@$$CBV?$basic_string@DU?$char_traits@D@std@@V?$allocator@D@2@@std@@V?$Persistent@VFunction@v8@@V?$NonCopyablePersistentTraits@VFunction@v8@@@2@@v8@@@std@@@2@$0A@@std@@@std@@QAE?AV?$_Tree_iterator@V?$_Tree_val@U?$_Tree_simple_types@U?$pair@$$CBV?$basic_string@DU?$char_traits@D@std@@V?$allocator@D@2@@std@@V?$Persistent@VFunction@v8@@V?$NonCopyablePersistentTraits@VFunction@v8@@@2@@v8@@@std@@@std@@@std@@@2@V?$_Tree_const_iterator@V?$_Tree_val@U?$_Tree_simple_types@U?$pair@$$CBV?$basic_string@DU?$char_traits@D@std@@V?$allocator@D@2@@std@@V?$Persistent@VFunction@v8@@V?$NonCopyablePersistentTraits@VFunction@v8@@@2@@v8@@@std@@@std@@@std@@@2@@Z 100058c0 f i lxled.obj
 0001:00004c90       ?_Copy@?$basic_string@_WU?$char_traits@_W@std@@V?$allocator@_W@2@@std@@QAEXII@Z 10005c90 f i lxled.obj
 0001:00004da0       ?_Copy@?$basic_string@DU?$char_traits@D@std@@V?$allocator@D@2@@std@@QAEXII@Z 10005da0 f i lxled.obj
 0001:00004ed0       ?_Rrotate@?$_Tree@V?$_Tmap_traits@V?$basic_string@DU?$char_traits@D@std@@V?$allocator@D@2@@std@@V?$Persistent@VFunction@v8@@V?$NonCopyablePersistentTraits@VFunction@v8@@@2@@v8@@U?$less@V?$basic_string@DU?$char_traits@D@std@@V?$allocator@D@2@@std@@@2@V?$allocator@U?$pair@$$CBV?$basic_string@DU?$char_traits@D@std@@V?$allocator@D@2@@std@@V?$Persistent@VFunction@v8@@V?$NonCopyablePersistentTraits@VFunction@v8@@@2@@v8@@@std@@@2@$0A@@std@@@std@@IAEXPAU?$_Tree_node@U?$pair@$$CBV?$basic_string@DU?$char_traits@D@std@@V?$allocator@D@2@@std@@V?$Persistent@VFunction@v8@@V?$NonCopyablePersistentTraits@VFunction@v8@@@2@@v8@@@std@@PAX@2@@Z 10005ed0 f i lxled.obj
 0001:00004f30       ?_Lrotate@?$_Tree@V?$_Tmap_traits@V?$basic_string@DU?$char_traits@D@std@@V?$allocator@D@2@@std@@V?$Persistent@VFunction@v8@@V?$NonCopyablePersistentTraits@VFunction@v8@@@2@@v8@@U?$less@V?$basic_string@DU?$char_traits@D@std@@V?$allocator@D@2@@std@@@2@V?$allocator@U?$pair@$$CBV?$basic_string@DU?$char_traits@D@std@@V?$allocator@D@2@@std@@V?$Persistent@VFunction@v8@@V?$NonCopyablePersistentTraits@VFunction@v8@@@2@@v8@@@std@@@2@$0A@@std@@@std@@IAEXPAU?$_Tree_node@U?$pair@$$CBV?$basic_string@DU?$char_traits@D@std@@V?$allocator@D@2@@std@@V?$Persistent@VFunction@v8@@V?$NonCopyablePersistentTraits@VFunction@v8@@@2@@v8@@@std@@PAX@2@@Z 10005f30 f i lxled.obj
 0001:00004f80       ?_Erase@?$_Tree@V?$_Tmap_traits@V?$basic_string@DU?$char_traits@D@std@@V?$allocator@D@2@@std@@V?$Persistent@VFunction@v8@@V?$NonCopyablePersistentTraits@VFunction@v8@@@2@@v8@@U?$less@V?$basic_string@DU?$char_traits@D@std@@V?$allocator@D@2@@std@@@2@V?$allocator@U?$pair@$$CBV?$basic_string@DU?$char_traits@D@std@@V?$allocator@D@2@@std@@V?$Persistent@VFunction@v8@@V?$NonCopyablePersistentTraits@VFunction@v8@@@2@@v8@@@std@@@2@$0A@@std@@@std@@IAEXPAU?$_Tree_node@U?$pair@$$CBV?$basic_string@DU?$char_traits@D@std@@V?$allocator@D@2@@std@@V?$Persistent@VFunction@v8@@V?$NonCopyablePersistentTraits@VFunction@v8@@@2@@v8@@@std@@PAX@2@@Z 10005f80 f i lxled.obj
 0001:00005010       ??$Unwrap@VLxLed@@@ObjectWrap@node@@SAPAVLxLed@@V?$Local@VObject@v8@@@v8@@@Z 10006010 f i lxled.obj
 0001:00005080       ?InitAll@@YAXV?$Local@VObject@v8@@@v8@@@Z 10006080 f   LX.obj
 0001:000050eb       __tailMerge_node_exe       100060eb f i node:node.exe
 0001:000050fc       __imp_load_?New@Signature@v8@@SA?AV?$Local@VSignature@v8@@@2@PAVIsolate@2@V?$Local@VFunctionTemplate@v8@@@2@@Z 100060fc f   node:node.exe
 0001:00005106       __imp_load_?GetCurrent@Isolate@v8@@SAPAV12@XZ 10006106 f   node:node.exe
 0001:00005110       __imp_load_?CreateHandle@HandleScope@v8@@KAPAPAVObject@internal@2@PAVIsolate@42@PAV342@@Z 10006110 f   node:node.exe
 0001:0000511a       __imp_load_??1HandleScope@v8@@QAE@XZ 1000611a f   node:node.exe
 0001:00005124       __imp_load_??0HandleScope@v8@@QAE@PAVIsolate@1@@Z 10006124 f   node:node.exe
 0001:0000512e       __imp_load_?Set@Template@v8@@QAEXV?$Local@VName@v8@@@2@V?$Local@VData@v8@@@2@W4PropertyAttribute@2@@Z 1000612e f   node:node.exe
 0001:00005138       __imp_load_?SetClassName@FunctionTemplate@v8@@QAEXV?$Local@VString@v8@@@2@@Z 10006138 f   node:node.exe
 0001:00005142       __imp_load_?PrototypeTemplate@FunctionTemplate@v8@@QAE?AV?$Local@VObjectTemplate@v8@@@2@XZ 10006142 f   node:node.exe
 0001:0000514c       __imp_load_?InstanceTemplate@FunctionTemplate@v8@@QAE?AV?$Local@VObjectTemplate@v8@@@2@XZ 1000614c f   node:node.exe
 0001:00005156       __imp_load_?GetFunction@FunctionTemplate@v8@@QAE?AV?$Local@VFunction@v8@@@2@XZ 10006156 f   node:node.exe
 0001:00005160       __imp_load_?New@FunctionTemplate@v8@@SA?AV?$Local@VFunctionTemplate@v8@@@2@PAVIsolate@2@P6AXABV?$FunctionCallbackInfo@VValue@v8@@@2@@ZV?$Local@VValue@v8@@@2@V?$Local@VSignature@v8@@@2@HW4ConstructorBehavior@2@@Z 10006160 f   node:node.exe
 0001:0000516a       __imp_load_?ClearWeak@V8@v8@@CAPAXPAPAVObject@internal@2@@Z 1000616a f   node:node.exe
 0001:00005174       __imp_load_?MakeWeak@V8@v8@@CAXPAPAVObject@internal@2@PAXP6AXABV?$WeakCallbackInfo@X@2@@ZW4WeakCallbackType@2@@Z 10006174 f   node:node.exe
 0001:0000517e       __imp_load_?DisposeGlobal@V8@v8@@CAXPAPAVObject@internal@2@@Z 1000617e f   node:node.exe
 0001:00005188       __imp_load_?GlobalizeReference@V8@v8@@CAPAPAVObject@internal@2@PAVIsolate@42@PAPAV342@@Z 10006188 f   node:node.exe
 0001:00005192       __imp_load_?Uint32Value@Value@v8@@QBEIXZ 10006192 f   node:node.exe
 0001:0000519c       __imp_load_??1Utf8Value@String@v8@@QAE@XZ 1000619c f   node:node.exe
 0001:000051a6       __imp_load_??0Utf8Value@String@v8@@QAE@V?$Local@VValue@v8@@@2@@Z 100061a6 f   node:node.exe
 0001:000051b0       __imp_load_?NewFromUtf8@String@v8@@SA?AV?$Local@VString@v8@@@2@PAVIsolate@2@PBDW4NewStringType@12@H@Z 100061b0 f   node:node.exe
 0001:000051ba       __imp_load_?SlowGetAlignedPointerFromInternalField@Object@v8@@AAEPAXH@Z 100061ba f   node:node.exe
 0001:000051c4       __imp_load_?GetIsolate@Object@v8@@QAEPAVIsolate@2@XZ 100061c4 f   node:node.exe
 0001:000051ce       __imp_load_?SetAlignedPointerInInternalField@Object@v8@@QAEXHPAX@Z 100061ce f   node:node.exe
 0001:000051d8       __imp_load_?InternalFieldCount@Object@v8@@QAEHXZ 100061d8 f   node:node.exe
 0001:000051e2       __imp_load_?Get@Object@v8@@QAE?AV?$Local@VValue@v8@@@2@V32@@Z 100061e2 f   node:node.exe
 0001:000051ec       __imp_load_?Set@Object@v8@@QAE_NV?$Local@VValue@v8@@@2@0@Z 100061ec f   node:node.exe
 0001:000051f6       __imp_load_?NewInstance@Function@v8@@QBE?AV?$Local@VObject@v8@@@2@HQAV?$Local@VValue@v8@@@2@@Z 100061f6 f   node:node.exe
 0001:00005200       __imp_load_?SetInternalFieldCount@ObjectTemplate@v8@@QAEXH@Z 10006200 f   node:node.exe
 0001:0000520a       __imp_load__node_module_register 1000620a f   node:node.exe
 0001:00005214       ??0bad_alloc@std@@QAE@ABV01@@Z 10006214 f i libcpmt:xthrow.obj
 0001:0000522f       ??0bad_alloc@std@@QAE@XZ   1000622f f i libcpmt:xthrow.obj
 0001:00005247       ??0exception@std@@QAE@ABV01@@Z 10006247 f i libcpmt:xthrow.obj
 0001:00005273       ??0exception@std@@QAE@QBD@Z 10006273 f i libcpmt:xthrow.obj
 0001:000052aa       ??0length_error@std@@QAE@ABV01@@Z 100062aa f i libcpmt:xthrow.obj
 0001:000052c5       ??0length_error@std@@QAE@PBD@Z 100062c5 f i libcpmt:xthrow.obj
 0001:000052e6       ??0out_of_range@std@@QAE@ABV01@@Z 100062e6 f i libcpmt:xthrow.obj
 0001:00005301       ??0out_of_range@std@@QAE@PBD@Z 10006301 f i libcpmt:xthrow.obj
 0001:00005322       ??1bad_array_new_length@std@@UAE@XZ 10006322 f i LIBCMT:throw_bad_alloc.obj
 0001:00005322       ??1length_error@std@@UAE@XZ 10006322 f i libcpmt:xthrow.obj
 0001:00005322       ??1out_of_range@std@@UAE@XZ 10006322 f i libcpmt:xthrow.obj
 0001:00005322       ??1bad_alloc@std@@UAE@XZ   10006322 f i libcpmt:xthrow.obj
 0001:00005333       ??_Gbad_array_new_length@std@@UAEPAXI@Z 10006333 f i LIBCMT:throw_bad_alloc.obj
 0001:00005333       ??_Gexception@std@@UAEPAXI@Z 10006333 f i libcpmt:xthrow.obj
 0001:00005333       ??_Ebad_alloc@std@@UAEPAXI@Z 10006333 f i libcpmt:xthrow.obj
 0001:00005333       ??_Elength_error@std@@UAEPAXI@Z 10006333 f i libcpmt:xthrow.obj
 0001:00005333       ??_Eexception@std@@UAEPAXI@Z 10006333 f i libcpmt:xthrow.obj
 0001:00005333       ??_Eout_of_range@std@@UAEPAXI@Z 10006333 f i libcpmt:xthrow.obj
 0001:00005333       ??_Gout_of_range@std@@UAEPAXI@Z 10006333 f i libcpmt:xthrow.obj
 0001:00005333       ??_Ebad_array_new_length@std@@UAEPAXI@Z 10006333 f i LIBCMT:throw_bad_alloc.obj
 0001:00005333       ??_Gbad_alloc@std@@UAEPAXI@Z 10006333 f i libcpmt:xthrow.obj
 0001:00005333       ??_Glength_error@std@@UAEPAXI@Z 10006333 f i libcpmt:xthrow.obj
 0001:00005360       ?_Xlength_error@std@@YAXPBD@Z 10006360 f   libcpmt:xthrow.obj
 0001:00005380       ?_Xout_of_range@std@@YAXPBD@Z 10006380 f   libcpmt:xthrow.obj
 0001:000053a0       ?what@exception@std@@UBEPBDXZ 100063a0 f i libcpmt:xthrow.obj
 0001:000053ad       @__security_check_cookie@4 100063ad f   LIBCMT:_secchk_.obj
 0001:000053be       ??2@YAPAXI@Z               100063be f   LIBCMT:new_scalar.obj
 0001:000053f1       ??$__crt_fast_encode_pointer@PAP6AXXZ@@YAPAP6AXXZQAP6AXXZ@Z 100063f1 f i LIBCMT:utility.obj
 0001:000053f1       ??$__crt_fast_encode_pointer@PAX@@YAPAXQAX@Z 100063f1 f i libvcruntime:winapi_downlevel.obj
 0001:00005452       ___scrt_acquire_startup_lock 10006452 f   LIBCMT:utility.obj
 0001:00005487       ___scrt_dllmain_after_initialize_c 10006487 f   LIBCMT:utility.obj
 0001:000054b2       ___scrt_dllmain_before_initialize_c 100064b2 f   LIBCMT:utility.obj
 0001:000054c0       ___scrt_dllmain_crt_thread_attach 100064c0 f   LIBCMT:utility.obj
 0001:000054df       ___scrt_dllmain_crt_thread_detach 100064df f   LIBCMT:utility.obj
 0001:000054ec       ___scrt_dllmain_exception_filter 100064ec f   LIBCMT:utility.obj
 0001:0000551f       ___scrt_dllmain_uninitialize_c 1000651f f   LIBCMT:utility.obj
 0001:00005542       ___scrt_dllmain_uninitialize_critical 10006542 f   LIBCMT:utility.obj
 0001:0000554f       ___scrt_initialize_crt     1000654f f   LIBCMT:utility.obj
 0001:00005588       ___scrt_initialize_onexit_tables 10006588 f   LIBCMT:utility.obj
 0001:0000561f       ___scrt_is_nonwritable_in_current_image 1000661f f   LIBCMT:utility.obj
 0001:000056a9       ___scrt_release_startup_lock 100066a9 f   LIBCMT:utility.obj
 0001:000056c6       ___scrt_uninitialize_crt   100066c6 f   LIBCMT:utility.obj
 0001:000056ee       __onexit                   100066ee f   LIBCMT:utility.obj
 0001:00005729       _atexit                    10006729 f   LIBCMT:utility.obj
 0001:0000573e       ??3@YAXPAX@Z               1000673e f   LIBCMT:delete_scalar.obj
 0001:00005743       ??3@YAXPAXI@Z              10006743 f   LIBCMT:delete_scalar_size.obj
 0001:00005751       ??_Gtype_info@@UAEPAXI@Z   10006751 f i LIBCMT:std_type_info_static.obj
 0001:00005751       ??_Etype_info@@UAEPAXI@Z   10006751 f i LIBCMT:std_type_info_static.obj
 0001:00005a7c       __DllMainCRTStartup@12     10006a7c f   LIBCMT:dll_dllmain.obj
 0001:00005a9f       ___raise_securityfailure   10006a9f f   LIBCMT:gs_report.obj
 0001:00005ac7       ___report_gsfailure        10006ac7 f   LIBCMT:gs_report.obj
 0001:00005bc2       ___report_rangecheckfailure 10006bc2 f   LIBCMT:gs_report.obj
 0001:00005bce       ___report_securityfailure  10006bce f   LIBCMT:gs_report.obj
 0001:00005c9e       ??0bad_array_new_length@std@@QAE@ABV01@@Z 10006c9e f i LIBCMT:throw_bad_alloc.obj
 0001:00005cb9       ??0bad_array_new_length@std@@QAE@XZ 10006cb9 f i LIBCMT:throw_bad_alloc.obj
 0001:00005cd1       ?_Xbad_alloc@std@@YAXXZ    10006cd1 f   libcpmt:xthrow.obj
 0001:00005cd1       ?__scrt_throw_std_bad_alloc@@YAXXZ 10006cd1 f   LIBCMT:throw_bad_alloc.obj
 0001:00005cee       ?__scrt_throw_std_bad_array_new_length@@YAXXZ 10006cee f   LIBCMT:throw_bad_alloc.obj
 0001:00005d0b       ___isa_available_init      10006d0b f   LIBCMT:_cpu_disp_.obj
 0001:00005ea5       __get_startup_argv_mode    10006ea5 f   LIBCMT:argv_mode.obj
 0001:00005ea9       ___scrt_is_ucrt_dll_in_use 10006ea9 f   LIBCMT:ucrt_detection.obj
 0001:00005eb5       ___scrt_fastfail           10006eb5 f   LIBCMT:utility_desktop.obj
 0001:00005fd0       __crt_debugger_hook        10006fd0 f   LIBCMT:utility_desktop.obj
 0001:00005fd8       @_guard_check_icall@4      10006fd8 f i LIBCMT:checkcfg.obj
 0001:00005ff0       __SEH_prolog4              10006ff0 f   LIBCMT:_sehprolg4_.obj
 0001:00006036       __SEH_epilog4              10007036 f   LIBCMT:_sehprolg4_.obj
 0001:0000604b       ___security_init_cookie    1000704b f   LIBCMT:gs_support.obj
 0001:000060e7       _DllMain@12                100070e7 f   LIBCMT:dll_dllmain_stub.obj
 0001:000060ed       ?__scrt_initialize_type_info@@YAXXZ 100070ed f   LIBCMT:tncleanup.obj
 0001:000060f9       ?__scrt_uninitialize_type_info@@YAXXZ 100070f9 f   LIBCMT:tncleanup.obj
 0001:00006105       ___local_stdio_scanf_options 10007105 f i LIBCMT:default_local_stdio_options.obj
 0001:0000610b       ___scrt_initialize_default_local_stdio_options 1000710b f   LIBCMT:default_local_stdio_options.obj
 0001:00006128       ___scrt_get_dyn_tls_init_callback 10007128 f   LIBCMT:dyn_tls_init.obj
 0001:0000612e       __RTC_Initialize           1000712e f   LIBCMT:_initsect_.obj
 0001:00006159       __RTC_Terminate            10007159 f   LIBCMT:_initsect_.obj
 0001:00006190       _memmove                   10007190 f   libvcruntime:memmove.obj
 0001:00006704       ___std_exception_copy      10007704 f   libvcruntime:std_exception.obj
 0001:00006767       ___std_exception_destroy   10007767 f   libvcruntime:std_exception.obj
 0001:00006786       __CxxThrowException@8      10007786 f   libvcruntime:throw.obj
 0001:000067f4       ___vcrt_initialize         100077f4 f   libvcruntime:initialization.obj
 0001:0000681d       ___vcrt_thread_attach      1000781d f   libvcruntime:initialization.obj
 0001:00006828       ___vcrt_thread_detach      10007828 f   libvcruntime:initialization.obj
 0001:00006833       ___vcrt_uninitialize       10007833 f   libvcruntime:initialization.obj
 0001:00006852       ___vcrt_uninitialize_critical 10007852 f   libvcruntime:initialization.obj
 0001:000068a0       __except_handler4          100078a0 f   libvcruntime:_chandler4_.obj
 0001:00006a10       _memset                    10007a10 f   libvcruntime:memset.obj
 0001:00006b6a       ___std_type_info_destroy_list 10007b6a f   libvcruntime:std_type_info.obj
 0001:00006b8d       ___vcrt_freefls@4          10007b8d f   libvcruntime:per_thread_data.obj
 0001:00006ba9       ___vcrt_freeptd            10007ba9 f   libvcruntime:per_thread_data.obj
 0001:00006bdf       ___vcrt_getptd_noexit      10007bdf f   libvcruntime:per_thread_data.obj
 0001:00006c71       ___vcrt_initialize_ptd     10007c71 f   libvcruntime:per_thread_data.obj
 0001:00006ca4       ___vcrt_uninitialize_ptd   10007ca4 f   libvcruntime:per_thread_data.obj
 0001:00006cbf       ___vcrt_initialize_locks   10007cbf f   libvcruntime:locks.obj
 0001:00006cfb       ___vcrt_uninitialize_locks 10007cfb f   libvcruntime:locks.obj
 0001:00006e4b       ___vcrt_FlsAlloc           10007e4b f   libvcruntime:winapi_downlevel.obj
 0001:00006e85       ___vcrt_FlsFree            10007e85 f   libvcruntime:winapi_downlevel.obj
 0001:00006ebf       ___vcrt_FlsGetValue        10007ebf f   libvcruntime:winapi_downlevel.obj
 0001:00006ef9       ___vcrt_FlsSetValue        10007ef9 f   libvcruntime:winapi_downlevel.obj
 0001:00006f36       ___vcrt_InitializeCriticalSectionEx 10007f36 f   libvcruntime:winapi_downlevel.obj
 0001:00006f7c       ___vcrt_initialize_winapi_thunks 10007f7c f   libvcruntime:winapi_downlevel.obj
 0001:00006fb6       ___vcrt_uninitialize_winapi_thunks 10007fb6 f   libvcruntime:winapi_downlevel.obj
 0001:00006fe8       ___vcrt_initialize_pure_virtual_call_handler 10007fe8 f   libvcruntime:purevirt_data.obj
 0001:00007010       __local_unwind4            10008010 f   libvcruntime:_exsup4_.obj
 0001:000070e6       __seh_longjmp_unwind4@4    100080e6 f   libvcruntime:_exsup4_.obj
 0001:0000710e       @_EH4_CallFilterFunc@8     1000810e f   libvcruntime:_exsup4_.obj
 0001:00007125       @_EH4_TransferToHandler@8  10008125 f   libvcruntime:_exsup4_.obj
 0001:0000713e       @_EH4_GlobalUnwind2@8      1000813e f   libvcruntime:_exsup4_.obj
 0001:00007157       @_EH4_LocalUnwind@16       10008157 f   libvcruntime:_exsup4_.obj
 0001:00007170       __global_unwind2           10008170 f   libvcruntime:_exsup_.obj
 0001:000071d5       __local_unwind2            100081d5 f   libvcruntime:_exsup_.obj
 0001:00007259       __abnormal_termination     10008259 f   libvcruntime:_exsup_.obj
 0001:0000727c       __NLG_Notify1              1000827c f   libvcruntime:_exsup_.obj
 0001:00007285       __NLG_Notify               10008285 f   libvcruntime:_exsup_.obj
 0001:0000729c       __NLG_Dispatch             1000829c     libvcruntime:_exsup_.obj
 0001:0000729c       __NLG_Dispatch2            1000829c     libvcruntime:_exsup_.obj
 0001:000072a4       __NLG_Call                 100082a4 f   libvcruntime:_exsup_.obj
 0001:000072a6       __NLG_Return2              100082a6     libvcruntime:_exsup_.obj
 0001:00007344       _setlocale                 10008344 f   libucrt:setlocale.obj
 0001:000074a1       ___acrt_initialize_stdio   100084a1 f   libucrt:_file.obj
 0001:00007569       ___acrt_iob_func           10008569 f   libucrt:_file.obj
 0001:00007579       ___acrt_uninitialize_stdio 10008579 f   libucrt:_file.obj
 0001:000075c5       __lock_file                100085c5 f   libucrt:_file.obj
 0001:000075d9       __unlock_file              100085d9 f   libucrt:_file.obj
 0001:000075ed       ___acrt_call_reportfault   100085ed f   libucrt:invalid_parameter.obj
 0001:00007728       ___acrt_initialize_invalid_parameter_handler 10008728 f   libucrt:invalid_parameter.obj
 0001:0000773c       __invalid_parameter        1000873c f   libucrt:invalid_parameter.obj
 0001:000077b7       __invalid_parameter_noinfo 100087b7 f   libucrt:invalid_parameter.obj
 0001:000077c7       __invalid_parameter_noinfo_noreturn 100087c7 f   libucrt:invalid_parameter.obj
 0001:000077e4       __invoke_watson            100087e4 f   libucrt:invalid_parameter.obj
 0001:00007817       ??$?RV<lambda_ab9923ffb5d694ec0d78876dd103e44f>@@AAV<lambda_481dd5778c961fbcd3b60b650e9b9dc4>@@V<lambda_7923d86c9e3f319b415918ec4b39749c>@@@?$__crt_seh_guarded_call@H@@QAEH$$QAV<lambda_ab9923ffb5d694ec0d78876dd103e44f>@@AAV<lambda_481dd5778c961fbcd3b60b650e9b9dc4>@@$$QAV<lambda_7923d86c9e3f319b415918ec4b39749c>@@@Z 10008817 f i libucrt:output.obj
 0001:00007868       ??$?RV<lambda_db08b09ef7aa9d4f8620ce68402612bc>@@AAV<lambda_4f2c1eaeead2a5fc776db5b62ea0fb9b>@@V<lambda_3ae262bc35d4ba6a3825c4f6bcaaf95c>@@@?$__crt_seh_guarded_call@H@@QAEH$$QAV<lambda_db08b09ef7aa9d4f8620ce68402612bc>@@AAV<lambda_4f2c1eaeead2a5fc776db5b62ea0fb9b>@@$$QAV<lambda_3ae262bc35d4ba6a3825c4f6bcaaf95c>@@@Z 10008868 f i libucrt:output.obj
 0001:000078b9       ??$__acrt_lock_stream_and_call@V<lambda_481dd5778c961fbcd3b60b650e9b9dc4>@@@@YAHQAU_iobuf@@$$QAV<lambda_481dd5778c961fbcd3b60b650e9b9dc4>@@@Z 100088b9 f i libucrt:output.obj
 0001:000078e1       ??$__acrt_lock_stream_and_call@V<lambda_4f2c1eaeead2a5fc776db5b62ea0fb9b>@@@@YAHQAU_iobuf@@$$QAV<lambda_4f2c1eaeead2a5fc776db5b62ea0fb9b>@@@Z 100088e1 f i libucrt:output.obj
 0001:00007a8e       ??$count@D@formatting_buffer@__crt_stdio_output@@QBEIXZ 10008a8e f i libucrt:output.obj
 0001:00007aa6       ??$ensure_buffer_is_big_enough@D@formatting_buffer@__crt_stdio_output@@QAE_NI@Z 10008aa6 f i libucrt:output.obj
 0001:00007b2c       ??$is_wide_character_specifier@D@__crt_stdio_output@@YA_N_KDW4length_modifier@0@@Z 10008b2c f i libucrt:output.obj
 0001:00007b6c       ??$is_wide_character_specifier@_W@__crt_stdio_output@@YA_N_K_WW4length_modifier@0@@Z 10008b6c f i libucrt:output.obj
 0001:00007bbb       ??$scratch_data@D@formatting_buffer@__crt_stdio_output@@QAEPADXZ 10008bbb f i libucrt:output.obj
 0001:00007bd9       ??$type_case_integer_parse_into_buffer@I@?$output_processor@_WV?$string_output_adapter@_W@__crt_stdio_output@@V?$standard_base@_WV?$string_output_adapter@_W@__crt_stdio_output@@@2@@__crt_stdio_output@@AAEXII_N@Z 10008bd9 f i libucrt:output.obj
 0001:00007bd9       ??$type_case_integer_parse_into_buffer@I@?$output_processor@DV?$stream_output_adapter@D@__crt_stdio_output@@V?$standard_base@DV?$stream_output_adapter@D@__crt_stdio_output@@@2@@__crt_stdio_output@@AAEXII_N@Z 10008bd9 f i libucrt:output.obj
 0001:00007bd9       ??$type_case_integer_parse_into_buffer@I@?$output_processor@_WV?$stream_output_adapter@_W@__crt_stdio_output@@V?$standard_base@_WV?$stream_output_adapter@_W@__crt_stdio_output@@@2@@__crt_stdio_output@@AAEXII_N@Z 10008bd9 f i libucrt:output.obj
 0001:00007c4e       ??$type_case_integer_parse_into_buffer@_K@?$output_processor@DV?$stream_output_adapter@D@__crt_stdio_output@@V?$standard_base@DV?$stream_output_adapter@D@__crt_stdio_output@@@2@@__crt_stdio_output@@AAEX_KI_N@Z 10008c4e f i libucrt:output.obj
 0001:00007c4e       ??$type_case_integer_parse_into_buffer@_K@?$output_processor@_WV?$string_output_adapter@_W@__crt_stdio_output@@V?$standard_base@_WV?$string_output_adapter@_W@__crt_stdio_output@@@2@@__crt_stdio_output@@AAEX_KI_N@Z 10008c4e f i libucrt:output.obj
 0001:00007c4e       ??$type_case_integer_parse_into_buffer@_K@?$output_processor@_WV?$stream_output_adapter@_W@__crt_stdio_output@@V?$standard_base@_WV?$stream_output_adapter@_W@__crt_stdio_output@@@2@@__crt_stdio_output@@AAEX_KI_N@Z 10008c4e f i libucrt:output.obj
 0001:00007cd6       ??$write_multiple_characters@V?$stream_output_adapter@D@__crt_stdio_output@@D@__crt_stdio_output@@YAXABV?$stream_output_adapter@D@0@DHQAH@Z 10008cd6 f i libucrt:output.obj
 0001:00007d02       ??$write_multiple_characters@V?$stream_output_adapter@_W@__crt_stdio_output@@D@__crt_stdio_output@@YAXABV?$stream_output_adapter@_W@0@DHQAH@Z 10008d02 f i libucrt:output.obj
 0001:00007d33       ??$write_multiple_characters@V?$string_output_adapter@_W@__crt_stdio_output@@D@__crt_stdio_output@@YAXABV?$string_output_adapter@_W@0@DHQAH@Z 10008d33 f i libucrt:output.obj
 0001:00007d64       ??0?$common_data@D@__crt_stdio_output@@IAE@XZ 10008d64 f i libucrt:output.obj
 0001:00007dab       ??0?$common_data@_W@__crt_stdio_output@@IAE@XZ 10008dab f i libucrt:output.obj
 0001:00007df7       ??0?$output_adapter_data@DV?$stream_output_adapter@D@__crt_stdio_output@@@__crt_stdio_output@@IAE@ABV?$stream_output_adapter@D@1@_KQBDQAU__crt_locale_pointers@@QAD@Z 10008df7 f i libucrt:output.obj
 0001:00007e33       ??0?$output_adapter_data@_WV?$string_output_adapter@_W@__crt_stdio_output@@@__crt_stdio_output@@IAE@ABV?$string_output_adapter@_W@1@_KQB_WQAU__crt_locale_pointers@@QAD@Z 10008e33 f i libucrt:output.obj
 0001:00007e33       ??0?$output_adapter_data@_WV?$stream_output_adapter@_W@__crt_stdio_output@@@__crt_stdio_output@@IAE@ABV?$stream_output_adapter@_W@1@_KQB_WQAU__crt_locale_pointers@@QAD@Z 10008e33 f i libucrt:output.obj
 0001:00007e6f       ??0?$output_processor@DV?$stream_output_adapter@D@__crt_stdio_output@@V?$standard_base@DV?$stream_output_adapter@D@__crt_stdio_output@@@2@@__crt_stdio_output@@QAE@ABV?$stream_output_adapter@D@1@_KQBDQAU__crt_locale_pointers@@QAD@Z 10008e6f f i libucrt:output.obj
 0001:00007ea4       ??0?$output_processor@_WV?$stream_output_adapter@_W@__crt_stdio_output@@V?$standard_base@_WV?$stream_output_adapter@_W@__crt_stdio_output@@@2@@__crt_stdio_output@@QAE@ABV?$stream_output_adapter@_W@1@_KQB_WQAU__crt_locale_pointers@@QAD@Z 10008ea4 f i libucrt:output.obj
 0001:00007ea4       ??0?$output_processor@_WV?$string_output_adapter@_W@__crt_stdio_output@@V?$standard_base@_WV?$string_output_adapter@_W@__crt_stdio_output@@@2@@__crt_stdio_output@@QAE@ABV?$string_output_adapter@_W@1@_KQB_WQAU__crt_locale_pointers@@QAD@Z 10008ea4 f i libucrt:output.obj
 0001:00007ed9       ??0_LocaleUpdate@@QAE@QAU__crt_locale_pointers@@@Z 10008ed9 f i libucrt:output.obj
 0001:00007f5c       ??1formatting_buffer@__crt_stdio_output@@QAE@XZ 10008f5c f i libucrt:output.obj
 0001:00007f76       ??4?$__crt_unique_heap_ptr@DU__crt_internal_free_policy@@@@QAEAAV0@$$QAV0@@Z 10008f76 f i libucrt:output.obj
 0001:00008114       ?crop_zeroes@__crt_stdio_output@@YAXPADQAU__crt_locale_pointers@@@Z 10009114 f i libucrt:output.obj
 0001:0000816b       ?find_next_state@?$output_processor@DV?$stream_output_adapter@D@__crt_stdio_output@@V?$standard_base@DV?$stream_output_adapter@D@__crt_stdio_output@@@2@@__crt_stdio_output@@ABE?AW4state@2@DW432@@Z 1000916b f i libucrt:output.obj
 0001:0000819d       ?find_next_state@?$output_processor@_WV?$stream_output_adapter@_W@__crt_stdio_output@@V?$standard_base@_WV?$stream_output_adapter@_W@__crt_stdio_output@@@2@@__crt_stdio_output@@ABE?AW4state@2@_WW432@@Z 1000919d f i libucrt:output.obj
 0001:0000819d       ?find_next_state@?$output_processor@_WV?$string_output_adapter@_W@__crt_stdio_output@@V?$standard_base@_WV?$string_output_adapter@_W@__crt_stdio_output@@@2@@__crt_stdio_output@@ABE?AW4state@2@_WW432@@Z 1000919d f i libucrt:output.obj
 0001:000081d1       ?force_decimal_point@__crt_stdio_output@@YAXPADQAU__crt_locale_pointers@@@Z 100091d1 f i libucrt:output.obj
 0001:0000822d       ?parse_int_from_format_string@?$output_processor@DV?$stream_output_adapter@D@__crt_stdio_output@@V?$standard_base@DV?$stream_output_adapter@D@__crt_stdio_output@@@2@@__crt_stdio_output@@AAE_NQAH@Z 1000922d f i libucrt:output.obj
 0001:00008289       ?parse_int_from_format_string@?$output_processor@_WV?$stream_output_adapter@_W@__crt_stdio_output@@V?$standard_base@_WV?$stream_output_adapter@_W@__crt_stdio_output@@@2@@__crt_stdio_output@@AAE_NQAH@Z 10009289 f i libucrt:output.obj
 0001:00008289       ?parse_int_from_format_string@?$output_processor@_WV?$string_output_adapter@_W@__crt_stdio_output@@V?$standard_base@_WV?$string_output_adapter@_W@__crt_stdio_output@@@2@@__crt_stdio_output@@AAE_NQAH@Z 10009289 f i libucrt:output.obj
 0001:000082e7       ?process@?$output_processor@DV?$stream_output_adapter@D@__crt_stdio_output@@V?$standard_base@DV?$stream_output_adapter@D@__crt_stdio_output@@@2@@__crt_stdio_output@@QAEHXZ 100092e7 f i libucrt:output.obj
 0001:00008403       ?process@?$output_processor@_WV?$stream_output_adapter@_W@__crt_stdio_output@@V?$standard_base@_WV?$stream_output_adapter@_W@__crt_stdio_output@@@2@@__crt_stdio_output@@QAEHXZ 10009403 f i libucrt:output.obj
 0001:00008523       ?process@?$output_processor@_WV?$string_output_adapter@_W@__crt_stdio_output@@V?$standard_base@_WV?$string_output_adapter@_W@__crt_stdio_output@@@2@@__crt_stdio_output@@QAEHXZ 10009523 f i libucrt:output.obj
 0001:00008643       ?state_case_flag@?$output_processor@DV?$stream_output_adapter@D@__crt_stdio_output@@V?$standard_base@DV?$stream_output_adapter@D@__crt_stdio_output@@@2@@__crt_stdio_output@@AAE_NXZ 10009643 f i libucrt:output.obj
 0001:00008680       ?state_case_flag@?$output_processor@_WV?$string_output_adapter@_W@__crt_stdio_output@@V?$standard_base@_WV?$string_output_adapter@_W@__crt_stdio_output@@@2@@__crt_stdio_output@@AAE_NXZ 10009680 f i libucrt:output.obj
 0001:00008680       ?state_case_flag@?$output_processor@_WV?$stream_output_adapter@_W@__crt_stdio_output@@V?$standard_base@_WV?$stream_output_adapter@_W@__crt_stdio_output@@@2@@__crt_stdio_output@@AAE_NXZ 10009680 f i libucrt:output.obj
 0001:000086bd       ?state_case_normal@?$output_processor@DV?$stream_output_adapter@D@__crt_stdio_output@@V?$standard_base@DV?$stream_output_adapter@D@__crt_stdio_output@@@2@@__crt_stdio_output@@AAE_NXZ 100096bd f i libucrt:output.obj
 0001:000086dc       ?state_case_normal@?$output_processor@_WV?$stream_output_adapter@_W@__crt_stdio_output@@V?$standard_base@_WV?$stream_output_adapter@_W@__crt_stdio_output@@@2@@__crt_stdio_output@@AAE_NXZ 100096dc f i libucrt:output.obj
 0001:000086fb       ?state_case_normal@?$output_processor@_WV?$string_output_adapter@_W@__crt_stdio_output@@V?$standard_base@_WV?$string_output_adapter@_W@__crt_stdio_output@@@2@@__crt_stdio_output@@AAE_NXZ 100096fb f i libucrt:output.obj
 0001:0000871a       ?state_case_normal_common@?$output_processor@DV?$stream_output_adapter@D@__crt_stdio_output@@V?$standard_base@DV?$stream_output_adapter@D@__crt_stdio_output@@@2@@__crt_stdio_output@@AAE_NXZ 1000971a f i libucrt:output.obj
 0001:00008744       ?state_case_normal_common@?$output_processor@_WV?$stream_output_adapter@_W@__crt_stdio_output@@V?$standard_base@_WV?$stream_output_adapter@_W@__crt_stdio_output@@@2@@__crt_stdio_output@@AAE_NXZ 10009744 f i libucrt:output.obj
 0001:0000875f       ?state_case_normal_common@?$output_processor@_WV?$string_output_adapter@_W@__crt_stdio_output@@V?$standard_base@_WV?$string_output_adapter@_W@__crt_stdio_output@@@2@@__crt_stdio_output@@AAE_NXZ 1000975f f i libucrt:output.obj
 0001:0000877a       ?state_case_normal_tchar@?$output_processor@DV?$stream_output_adapter@D@__crt_stdio_output@@V?$standard_base@DV?$stream_output_adapter@D@__crt_stdio_output@@@2@@__crt_stdio_output@@AAE_ND@Z 1000977a f i libucrt:output.obj
 0001:000087db       ?state_case_precision@?$output_processor@DV?$stream_output_adapter@D@__crt_stdio_output@@V?$standard_base@DV?$stream_output_adapter@D@__crt_stdio_output@@@2@@__crt_stdio_output@@AAE_NXZ 100097db f i libucrt:output.obj
 0001:00008803       ?state_case_precision@?$output_processor@_WV?$stream_output_adapter@_W@__crt_stdio_output@@V?$standard_base@_WV?$stream_output_adapter@_W@__crt_stdio_output@@@2@@__crt_stdio_output@@AAE_NXZ 10009803 f i libucrt:output.obj
 0001:00008803       ?state_case_precision@?$output_processor@_WV?$string_output_adapter@_W@__crt_stdio_output@@V?$standard_base@_WV?$string_output_adapter@_W@__crt_stdio_output@@@2@@__crt_stdio_output@@AAE_NXZ 10009803 f i libucrt:output.obj
 0001:0000882c       ?state_case_size@?$output_processor@DV?$stream_output_adapter@D@__crt_stdio_output@@V?$standard_base@DV?$stream_output_adapter@D@__crt_stdio_output@@@2@@__crt_stdio_output@@AAE_NXZ 1000982c f i libucrt:output.obj
 0001:00008995       ?state_case_size@?$output_processor@_WV?$stream_output_adapter@_W@__crt_stdio_output@@V?$standard_base@_WV?$stream_output_adapter@_W@__crt_stdio_output@@@2@@__crt_stdio_output@@AAE_NXZ 10009995 f i libucrt:output.obj
 0001:00008b11       ?state_case_size@?$output_processor@_WV?$string_output_adapter@_W@__crt_stdio_output@@V?$standard_base@_WV?$string_output_adapter@_W@__crt_stdio_output@@@2@@__crt_stdio_output@@AAE_NXZ 10009b11 f i libucrt:output.obj
 0001:00008c8d       ?state_case_type@?$output_processor@DV?$stream_output_adapter@D@__crt_stdio_output@@V?$standard_base@DV?$stream_output_adapter@D@__crt_stdio_output@@@2@@__crt_stdio_output@@AAE_NXZ 10009c8d f i libucrt:output.obj
 0001:00008ebc       ?state_case_type@?$output_processor@_WV?$stream_output_adapter@_W@__crt_stdio_output@@V?$standard_base@_WV?$stream_output_adapter@_W@__crt_stdio_output@@@2@@__crt_stdio_output@@AAE_NXZ 10009ebc f i libucrt:output.obj
 0001:00009119       ?state_case_type@?$output_processor@_WV?$string_output_adapter@_W@__crt_stdio_output@@V?$standard_base@_WV?$string_output_adapter@_W@__crt_stdio_output@@@2@@__crt_stdio_output@@AAE_NXZ 1000a119 f i libucrt:output.obj
 0001:00009376       ?state_case_width@?$output_processor@DV?$stream_output_adapter@D@__crt_stdio_output@@V?$standard_base@DV?$stream_output_adapter@D@__crt_stdio_output@@@2@@__crt_stdio_output@@AAE_NXZ 1000a376 f i libucrt:output.obj
 0001:000093a1       ?state_case_width@?$output_processor@_WV?$string_output_adapter@_W@__crt_stdio_output@@V?$standard_base@_WV?$string_output_adapter@_W@__crt_stdio_output@@@2@@__crt_stdio_output@@AAE_NXZ 1000a3a1 f i libucrt:output.obj
 0001:000093a1       ?state_case_width@?$output_processor@_WV?$stream_output_adapter@_W@__crt_stdio_output@@V?$standard_base@_WV?$stream_output_adapter@_W@__crt_stdio_output@@@2@@__crt_stdio_output@@AAE_NXZ 1000a3a1 f i libucrt:output.obj
 0001:000093cd       ?to_integer_size@__crt_stdio_output@@YAIW4length_modifier@1@@Z 1000a3cd f i libucrt:output.obj
 0001:00009429       ?type_case_Z@?$output_processor@DV?$stream_output_adapter@D@__crt_stdio_output@@V?$standard_base@DV?$stream_output_adapter@D@__crt_stdio_output@@@2@@__crt_stdio_output@@AAE_NXZ 1000a429 f i libucrt:output.obj
 0001:0000948c       ?type_case_Z@?$output_processor@_WV?$string_output_adapter@_W@__crt_stdio_output@@V?$standard_base@_WV?$string_output_adapter@_W@__crt_stdio_output@@@2@@__crt_stdio_output@@AAE_NXZ 1000a48c f i libucrt:output.obj
 0001:0000948c       ?type_case_Z@?$output_processor@_WV?$stream_output_adapter@_W@__crt_stdio_output@@V?$standard_base@_WV?$stream_output_adapter@_W@__crt_stdio_output@@@2@@__crt_stdio_output@@AAE_NXZ 1000a48c f i libucrt:output.obj
 0001:000094ef       ?type_case_a@?$output_processor@DV?$stream_output_adapter@D@__crt_stdio_output@@V?$standard_base@DV?$stream_output_adapter@D@__crt_stdio_output@@@2@@__crt_stdio_output@@AAE_NXZ 1000a4ef f i libucrt:output.obj
 0001:00009649       ?type_case_a@?$output_processor@_WV?$stream_output_adapter@_W@__crt_stdio_output@@V?$standard_base@_WV?$stream_output_adapter@_W@__crt_stdio_output@@@2@@__crt_stdio_output@@AAE_NXZ 1000a649 f i libucrt:output.obj
 0001:00009649       ?type_case_a@?$output_processor@_WV?$string_output_adapter@_W@__crt_stdio_output@@V?$standard_base@_WV?$string_output_adapter@_W@__crt_stdio_output@@@2@@__crt_stdio_output@@AAE_NXZ 1000a649 f i libucrt:output.obj
 0001:000097bb       ?type_case_c_tchar@?$output_processor@DV?$stream_output_adapter@D@__crt_stdio_output@@V?$standard_base@DV?$stream_output_adapter@D@__crt_stdio_output@@@2@@__crt_stdio_output@@AAE_ND@Z 1000a7bb f i libucrt:output.obj
 0001:0000984b       ?type_case_c_tchar@?$output_processor@_WV?$string_output_adapter@_W@__crt_stdio_output@@V?$standard_base@_WV?$string_output_adapter@_W@__crt_stdio_output@@@2@@__crt_stdio_output@@AAE_N_W@Z 1000a84b f i libucrt:output.obj
 0001:0000984b       ?type_case_c_tchar@?$output_processor@_WV?$stream_output_adapter@_W@__crt_stdio_output@@V?$standard_base@_WV?$stream_output_adapter@_W@__crt_stdio_output@@@2@@__crt_stdio_output@@AAE_N_W@Z 1000a84b f i libucrt:output.obj
 0001:000098e3       ?type_case_integer@?$output_processor@DV?$stream_output_adapter@D@__crt_stdio_output@@V?$standard_base@DV?$stream_output_adapter@D@__crt_stdio_output@@@2@@__crt_stdio_output@@AAE_NI_N@Z 1000a8e3 f i libucrt:output.obj
 0001:000098e3       ?type_case_integer@?$output_processor@_WV?$string_output_adapter@_W@__crt_stdio_output@@V?$standard_base@_WV?$string_output_adapter@_W@__crt_stdio_output@@@2@@__crt_stdio_output@@AAE_NI_N@Z 1000a8e3 f i libucrt:output.obj
 0001:000098e3       ?type_case_integer@?$output_processor@_WV?$stream_output_adapter@_W@__crt_stdio_output@@V?$standard_base@_WV?$stream_output_adapter@_W@__crt_stdio_output@@@2@@__crt_stdio_output@@AAE_NI_N@Z 1000a8e3 f i libucrt:output.obj
 0001:00009a2d       ?type_case_n@?$output_processor@_WV?$stream_output_adapter@_W@__crt_stdio_output@@V?$standard_base@_WV?$stream_output_adapter@_W@__crt_stdio_output@@@2@@__crt_stdio_output@@AAE_NXZ 1000aa2d f i libucrt:output.obj
 0001:00009a2d       ?type_case_n@?$output_processor@DV?$stream_output_adapter@D@__crt_stdio_output@@V?$standard_base@DV?$stream_output_adapter@D@__crt_stdio_output@@@2@@__crt_stdio_output@@AAE_NXZ 1000aa2d f i libucrt:output.obj
 0001:00009a2d       ?type_case_n@?$output_processor@_WV?$string_output_adapter@_W@__crt_stdio_output@@V?$standard_base@_WV?$string_output_adapter@_W@__crt_stdio_output@@@2@@__crt_stdio_output@@AAE_NXZ 1000aa2d f i libucrt:output.obj
 0001:00009aa1       ?type_case_o@?$output_processor@_WV?$stream_output_adapter@_W@__crt_stdio_output@@V?$standard_base@_WV?$stream_output_adapter@_W@__crt_stdio_output@@@2@@__crt_stdio_output@@AAE_NXZ 1000aaa1 f i libucrt:output.obj
 0001:00009aa1       ?type_case_o@?$output_processor@DV?$stream_output_adapter@D@__crt_stdio_output@@V?$standard_base@DV?$stream_output_adapter@D@__crt_stdio_output@@@2@@__crt_stdio_output@@AAE_NXZ 1000aaa1 f i libucrt:output.obj
 0001:00009aa1       ?type_case_o@?$output_processor@_WV?$string_output_adapter@_W@__crt_stdio_output@@V?$standard_base@_WV?$string_output_adapter@_W@__crt_stdio_output@@@2@@__crt_stdio_output@@AAE_NXZ 1000aaa1 f i libucrt:output.obj
 0001:00009ac0       ?type_case_p@?$output_processor@DV?$stream_output_adapter@D@__crt_stdio_output@@V?$standard_base@DV?$stream_output_adapter@D@__crt_stdio_output@@@2@@__crt_stdio_output@@AAE_NXZ 1000aac0 f i libucrt:output.obj
 0001:00009ac0       ?type_case_p@?$output_processor@_WV?$stream_output_adapter@_W@__crt_stdio_output@@V?$standard_base@_WV?$stream_output_adapter@_W@__crt_stdio_output@@@2@@__crt_stdio_output@@AAE_NXZ 1000aac0 f i libucrt:output.obj
 0001:00009ac0       ?type_case_p@?$output_processor@_WV?$string_output_adapter@_W@__crt_stdio_output@@V?$standard_base@_WV?$string_output_adapter@_W@__crt_stdio_output@@@2@@__crt_stdio_output@@AAE_NXZ 1000aac0 f i libucrt:output.obj
 0001:00009ad8       ?type_case_s@?$output_processor@DV?$stream_output_adapter@D@__crt_stdio_output@@V?$standard_base@DV?$stream_output_adapter@D@__crt_stdio_output@@@2@@__crt_stdio_output@@AAE_NXZ 1000aad8 f i libucrt:output.obj
 0001:00009b4b       ?type_case_s@?$output_processor@_WV?$stream_output_adapter@_W@__crt_stdio_output@@V?$standard_base@_WV?$stream_output_adapter@_W@__crt_stdio_output@@@2@@__crt_stdio_output@@AAE_NXZ 1000ab4b f i libucrt:output.obj
 0001:00009b4b       ?type_case_s@?$output_processor@_WV?$string_output_adapter@_W@__crt_stdio_output@@V?$standard_base@_WV?$string_output_adapter@_W@__crt_stdio_output@@@2@@__crt_stdio_output@@AAE_NXZ 1000ab4b f i libucrt:output.obj
 0001:00009bbf       ?type_case_s_compute_narrow_string_length@?$output_processor@_WV?$stream_output_adapter@_W@__crt_stdio_output@@V?$standard_base@_WV?$stream_output_adapter@_W@__crt_stdio_output@@@2@@__crt_stdio_output@@ABEHH_W@Z 1000abbf f i libucrt:output.obj
 0001:00009bbf       ?type_case_s_compute_narrow_string_length@?$output_processor@_WV?$string_output_adapter@_W@__crt_stdio_output@@V?$standard_base@_WV?$string_output_adapter@_W@__crt_stdio_output@@@2@@__crt_stdio_output@@ABEHH_W@Z 1000abbf f i libucrt:output.obj
 0001:00009bff       ?validate@?$stream_output_adapter@D@__crt_stdio_output@@QBE_NXZ 1000abff f i libucrt:output.obj
 0001:00009c20       ?validate_stream_is_ansi_if_required@?$__acrt_stdio_char_traits@D@@SA_NQAU_iobuf@@@Z 1000ac20 f i libucrt:output.obj
 0001:00009ca2       ?write_character@?$stream_output_adapter@D@__crt_stdio_output@@QBEXDQAH@Z 1000aca2 f i libucrt:output.obj
 0001:00009cdf       ?write_character@?$stream_output_adapter@_W@__crt_stdio_output@@QBEX_WQAH@Z 1000acdf f i libucrt:output.obj
 0001:00009d1f       ?write_character@?$string_output_adapter@_W@__crt_stdio_output@@QBE_N_WQAH@Z 1000ad1f f i libucrt:output.obj
 0001:00009d64       ?write_stored_string_tchar@?$output_processor@DV?$stream_output_adapter@D@__crt_stdio_output@@V?$standard_base@DV?$stream_output_adapter@D@__crt_stdio_output@@@2@@__crt_stdio_output@@AAE_ND@Z 1000ad64 f i libucrt:output.obj
 0001:00009e0b       ?write_stored_string_tchar@?$output_processor@_WV?$stream_output_adapter@_W@__crt_stdio_output@@V?$standard_base@_WV?$stream_output_adapter@_W@__crt_stdio_output@@@2@@__crt_stdio_output@@AAE_N_W@Z 1000ae0b f i libucrt:output.obj
 0001:00009e96       ?write_stored_string_tchar@?$output_processor@_WV?$string_output_adapter@_W@__crt_stdio_output@@V?$standard_base@_WV?$string_output_adapter@_W@__crt_stdio_output@@@2@@__crt_stdio_output@@AAE_N_W@Z 1000ae96 f i libucrt:output.obj
 0001:00009f21       ?write_string@?$stream_output_adapter@D@__crt_stdio_output@@QBEXQBDHQAH1@Z 1000af21 f i libucrt:output.obj
 0001:00009fab       ?write_string@?$stream_output_adapter@_W@__crt_stdio_output@@QBEXQB_WHQAH1@Z 1000afab f i libucrt:output.obj
 0001:0000a038       ?write_string@?$string_output_adapter@_W@__crt_stdio_output@@QBEXQB_WHQAH1@Z 1000b038 f i libucrt:output.obj
 0001:0000a0d2       ___stdio_common_vfprintf   1000b0d2 f   libucrt:output.obj
 0001:0000a149       ___stdio_common_vfwprintf  1000b149 f   libucrt:output.obj
 0001:0000a1c0       ___stdio_common_vswprintf  1000b1c0 f   libucrt:output.obj
 0001:0000a848       ??$ftprintf@PAU_iobuf@@PB_WABQB_WABQB_WABI@?$__crt_char_traits@_W@@SAH$$QAPAU_iobuf@@$$QAPB_WABQB_W2ABI@Z 1000b848 f i libucrt:assert.obj
 0001:0000a927       __vfwprintf_l              1000b927 f i libucrt:assert.obj
 0001:0000a94c       __vswprintf_c_l            1000b94c f i libucrt:assert.obj
 0001:0000a97b       __wassert                  1000b97b f   libucrt:assert.obj
 0001:0000a9c3       _fwprintf                  1000b9c3 f i libucrt:assert.obj
 0001:0000aa5f       _swprintf                  1000ba5f f i libucrt:assert.obj
 0001:0000aa7d       _malloc                    1000ba7d f   libucrt:malloc.obj
 0001:0000aa88       ___ascii_stricmp           1000ba88 f   libucrt:stricmp.obj
 0001:0000aac3       __stricmp                  1000bac3 f   libucrt:stricmp.obj
 0001:0000ab0b       __stricmp_l                1000bb0b f   libucrt:stricmp.obj
 0001:0000aba5       ___acrt_initialize_new_handler 1000bba5 f   libucrt:new_handler.obj
 0001:0000abb9       __callnewh                 1000bbb9 f   libucrt:new_handler.obj
 0001:0000abfd       __query_new_handler        1000bbfd f   libucrt:new_handler.obj
 0001:0000ac4f       __seh_filter_dll           1000bc4f f   libucrt:exception_filter.obj
 0001:0000ac6f       __seh_filter_exe           1000bc6f f   libucrt:exception_filter.obj
 0001:0000affd       ___acrt_initialize_thread_local_exit_callback 1000bffd f   libucrt:exit.obj
 0001:0000b00c       __cexit                    1000c00c f   libucrt:exit.obj
 0001:0000b01b       __exit                     1000c01b f   libucrt:exit.obj
 0001:0000b031       __is_c_termination_complete 1000c031 f   libucrt:exit.obj
 0001:0000b2d0       ___acrt_allocate_buffer_for_argv 1000c2d0 f   libucrt:argv_parsing.obj
 0001:0000b325       __configure_narrow_argv    1000c325 f   libucrt:argv_parsing.obj
 0001:0000b489       ??$uninitialize@A6AXAAPAPA_W@Z@?$dual_state_global@PAPA_W@__crt_state_management@@QAEXA6AXAAPAPA_W@Z@Z 1000c489 f i libucrt:environment_initialization.obj
 0001:0000b489       ??$uninitialize@A6AXAAPAPAD@Z@?$dual_state_global@PAPAD@__crt_state_management@@QAEXA6AXAAPAPAD@Z@Z 1000c489 f i libucrt:environment_initialization.obj
 0001:0000b4ff       ___dcrt_uninitialize_environments_nolock 1000c4ff f   libucrt:environment_initialization.obj
 0001:0000b536       __initialize_narrow_environment 1000c536 f   libucrt:environment_initialization.obj
 0001:0000b53b       ??$?RV<lambda_800076c951b434888f4765a74a194fcc>@@AAV<lambda_4e60a939b0d047cfe11ddc22648dfba9>@@V<lambda_6dbb1268764f43b569ce7b67e331d33a>@@@?$__crt_seh_guarded_call@H@@QAEH$$QAV<lambda_800076c951b434888f4765a74a194fcc>@@AAV<lambda_4e60a939b0d047cfe11ddc22648dfba9>@@$$QAV<lambda_6dbb1268764f43b569ce7b67e331d33a>@@@Z 1000c53b f i libucrt:onexit.obj
 0001:0000b58c       ??$?RV<lambda_995298e7d72eb4c2aab26c0585b3abe5>@@AAV<lambda_275893d493268fdec8709772e3fcec0e>@@V<lambda_293819299cbf9a7022e18b56a874bb5c>@@@?$__crt_seh_guarded_call@H@@QAEH$$QAV<lambda_995298e7d72eb4c2aab26c0585b3abe5>@@AAV<lambda_275893d493268fdec8709772e3fcec0e>@@$$QAV<lambda_293819299cbf9a7022e18b56a874bb5c>@@@Z 1000c58c f i libucrt:onexit.obj
 0001:0000b5dd       ??$__acrt_lock_and_call@V<lambda_275893d493268fdec8709772e3fcec0e>@@@@YAHW4__acrt_lock_id@@$$QAV<lambda_275893d493268fdec8709772e3fcec0e>@@@Z 1000c5dd f i libucrt:onexit.obj
 0001:0000b605       ??$__acrt_lock_and_call@V<lambda_4e60a939b0d047cfe11ddc22648dfba9>@@@@YAHW4__acrt_lock_id@@$$QAV<lambda_4e60a939b0d047cfe11ddc22648dfba9>@@@Z 1000c605 f i libucrt:onexit.obj
 0001:0000b62d       ??$__crt_fast_encode_pointer@P6AHXZ@@YAP6AHXZQ6AHXZ@Z 1000c62d f i libucrt:onexit.obj
 0001:0000b62d       ??$__crt_fast_encode_pointer@P6GHPA_WKJ@Z@@YAP6GHPA_WKJ@ZQ6GH0KJ@Z@Z 1000c62d f i libucrt:winapi_thunks.obj
 0001:0000b8ad       __crt_atexit               1000c8ad f   libucrt:onexit.obj
 0001:0000b8c3       __execute_onexit_table     1000c8c3 f   libucrt:onexit.obj
 0001:0000b8e0       __initialize_onexit_table  1000c8e0 f   libucrt:onexit.obj
 0001:0000b91d       __register_onexit_function 1000c91d f   libucrt:onexit.obj
 0001:0000ba32       ___acrt_uninitialize_command_line 1000ca32 f   libucrt:argv_data.obj
 0001:0000ba35       ___acrt_initialize         1000ca35 f   libucrt:initialization.obj
 0001:0000ba47       ___acrt_thread_attach      1000ca47 f   libucrt:initialization.obj
 0001:0000ba52       ___acrt_thread_detach      1000ca52 f   libucrt:initialization.obj
 0001:0000ba5a       ___acrt_uninitialize       1000ca5a f   libucrt:initialization.obj
 0001:0000ba6c       ___acrt_uninitialize_critical 1000ca6c f   libucrt:initialization.obj
 0001:0000ba7e       _free                      1000ca7e f   libucrt:free.obj
 0001:0000ba83       __initterm                 1000ca83 f   libucrt:initterm.obj
 0001:0000badf       __initterm_e               1000cadf f   libucrt:initterm.obj
 0001:0000bb24       _terminate                 1000cb24 f   libucrt:terminate.obj
 0001:0000bb60       _strcpy_s                  1000cb60 f   libucrt:strcpy_s.obj
 0001:0000bbba       __free_base                1000cbba f   libucrt:free_base.obj
 0001:0000bbf4       __malloc_base              1000cbf4 f   libucrt:malloc_base.obj
 0001:0000bc42       _abort                     1000cc42 f   libucrt:abort.obj
 0001:0000bc85       __calloc_base              1000cc85 f   libucrt:calloc_base.obj
 0001:0000bce2       ??$is_overflow_condition@K@__crt_strtox@@YA_NIK@Z 1000cce2 f i libucrt:atox.obj
 0001:0000bd15       ??$parse_integer@KV?$c_string_character_source@D@__crt_strtox@@@__crt_strtox@@YAKQAU__crt_locale_pointers@@V?$c_string_character_source@D@0@H_N@Z 1000cd15 f i libucrt:atox.obj
 0001:0000bf3d       ??$parse_integer@KV?$c_string_character_source@_W@__crt_strtox@@@__crt_strtox@@YAKQAU__crt_locale_pointers@@V?$c_string_character_source@_W@0@H_N@Z 1000cf3d f i libucrt:atox.obj
 0001:0000c622       ?unget@?$c_string_character_source@D@__crt_strtox@@QAEXD@Z 1000d622 f i libucrt:atox.obj
 0001:0000c64a       ?unget@?$c_string_character_source@_W@__crt_strtox@@QAEX_W@Z 1000d64a f i libucrt:atox.obj
 0001:0000c676       ?validate@?$c_string_character_source@_W@__crt_strtox@@QBE_NXZ 1000d676 f i libucrt:atox.obj
 0001:0000c676       ?validate@?$c_string_character_source@D@__crt_strtox@@QBE_NXZ 1000d676 f i libucrt:atox.obj
 0001:0000c676       ?validate@?$string_output_adapter@_W@__crt_stdio_output@@QBE_NXZ 1000d676 f i libucrt:output.obj
 0001:0000c676       ?validate@?$stream_output_adapter@_W@__crt_stdio_output@@QBE_NXZ 1000d676 f i libucrt:output.obj
 0001:0000c691       __chvalidchk_l             1000d691 f i libucrt:atox.obj
 0001:0000c6bb       __ischartype_l             1000d6bb f i libucrt:atox.obj
 0001:0000c6ee       __wtol                     1000d6ee f   libucrt:atox.obj
 0001:0000c891       __mbstowcs_s_l             1000d891 f   libucrt:mbstowcs.obj
 0001:0000c974       _mbstowcs_s                1000d974 f   libucrt:mbstowcs.obj
 0001:0000cc15       __wcstombs_s_l             1000dc15 f   libucrt:wcstombs.obj
 0001:0000cce2       ??$?RV<lambda_3518db117f0e7cdb002338c5d3c47b6c>@@AAV<lambda_b2ea41f6bbb362cd97d94c6828d90b61>@@V<lambda_abdedf541bb04549bc734292b4a045d4>@@@?$__crt_seh_guarded_call@X@@QAEX$$QAV<lambda_3518db117f0e7cdb002338c5d3c47b6c>@@AAV<lambda_b2ea41f6bbb362cd97d94c6828d90b61>@@$$QAV<lambda_abdedf541bb04549bc734292b4a045d4>@@@Z 1000dce2 f i libucrt:per_thread_data.obj
 0001:0000cd32       ??$?RV<lambda_51b6e8b1eb166f2a3faf91f424b38130>@@AAV<lambda_6250bd4b2a391816dd638c3bf72b0bcb>@@V<lambda_0b5a4a3e68152e1d9b943535f5f47bed>@@@?$__crt_seh_guarded_call@X@@QAEX$$QAV<lambda_51b6e8b1eb166f2a3faf91f424b38130>@@AAV<lambda_6250bd4b2a391816dd638c3bf72b0bcb>@@$$QAV<lambda_0b5a4a3e68152e1d9b943535f5f47bed>@@@Z 1000dd32 f i libucrt:per_thread_data.obj
 0001:0000cd93       ??$?RV<lambda_5b71d36f03204c0beab531769a5b5694>@@AAV<lambda_be2b3da3f62db62e9dad5dc70221a656>@@V<lambda_8f9ce462984622f9bf76b59e2aaaf805>@@@?$__crt_seh_guarded_call@X@@QAEX$$QAV<lambda_5b71d36f03204c0beab531769a5b5694>@@AAV<lambda_be2b3da3f62db62e9dad5dc70221a656>@@$$QAV<lambda_8f9ce462984622f9bf76b59e2aaaf805>@@@Z 1000dd93 f i libucrt:per_thread_data.obj
 0001:0000cdde       ??$?RV<lambda_9df27f884b057bc3edfc946cb5b7cf47>@@AAV<lambda_e69574bed617af4e071282c136b37893>@@V<lambda_cc0d902bcbbeb830f749456577db4721>@@@?$__crt_seh_guarded_call@X@@QAEX$$QAV<lambda_9df27f884b057bc3edfc946cb5b7cf47>@@AAV<lambda_e69574bed617af4e071282c136b37893>@@$$QAV<lambda_cc0d902bcbbeb830f749456577db4721>@@@Z 1000ddde f i libucrt:per_thread_data.obj
 0001:0000ce26       ??$__acrt_lock_and_call@V<lambda_6250bd4b2a391816dd638c3bf72b0bcb>@@@@YAXW4__acrt_lock_id@@$$QAV<lambda_6250bd4b2a391816dd638c3bf72b0bcb>@@@Z 1000de26 f i libucrt:per_thread_data.obj
 0001:0000ce4e       ??$__acrt_lock_and_call@V<lambda_b2ea41f6bbb362cd97d94c6828d90b61>@@@@YAXW4__acrt_lock_id@@$$QAV<lambda_b2ea41f6bbb362cd97d94c6828d90b61>@@@Z 1000de4e f i libucrt:per_thread_data.obj
 0001:0000ce76       ??$__acrt_lock_and_call@V<lambda_be2b3da3f62db62e9dad5dc70221a656>@@@@YAXW4__acrt_lock_id@@$$QAV<lambda_be2b3da3f62db62e9dad5dc70221a656>@@@Z 1000de76 f i libucrt:per_thread_data.obj
 0001:0000ce9e       ??$__acrt_lock_and_call@V<lambda_e69574bed617af4e071282c136b37893>@@@@YAXW4__acrt_lock_id@@$$QAV<lambda_e69574bed617af4e071282c136b37893>@@@Z 1000de9e f i libucrt:per_thread_data.obj
 0001:0000d054       ___acrt_freeptd            1000e054 f   libucrt:per_thread_data.obj
 0001:0000d080       ___acrt_getptd             1000e080 f   libucrt:per_thread_data.obj
 0001:0000d104       ___acrt_getptd_noexit      1000e104 f   libucrt:per_thread_data.obj
 0001:0000d189       ___acrt_initialize_ptd     1000e189 f   libucrt:per_thread_data.obj
 0001:0000d1b5       ___acrt_uninitialize_ptd   1000e1b5 f   libucrt:per_thread_data.obj
 0001:0000d1cf       ___acrt_initialize_locks   1000e1cf f   libucrt:locks.obj
 0001:0000d210       ___acrt_lock               1000e210 f   libucrt:locks.obj
 0001:0000d227       ___acrt_uninitialize_locks 1000e227 f   libucrt:locks.obj
 0001:0000d258       ___acrt_unlock             1000e258 f   libucrt:locks.obj
 0001:0000d272       ??$?RV<lambda_70818de7b02deff9841e8b0962a60ed9>@@AAV<lambda_2af78c5f5901b1372d98f9ab3177dfa6>@@AAV<lambda_f51fe5fd7c79a33db34fc9310f277369>@@@?$__crt_seh_guarded_call@X@@QAEX$$QAV<lambda_70818de7b02deff9841e8b0962a60ed9>@@AAV<lambda_2af78c5f5901b1372d98f9ab3177dfa6>@@AAV<lambda_f51fe5fd7c79a33db34fc9310f277369>@@@Z 1000e272 f i libucrt:wsetlocale.obj
 0001:0000d2ad       ??$?RV<lambda_c76fdea48760d5f9368b465f31df4405>@@AAV<lambda_e378711a6f6581bf7f0efd7cdf97f5d9>@@V<lambda_e927a58b2a85c081d733e8c6192ae2d2>@@@?$__crt_seh_guarded_call@X@@QAEX$$QAV<lambda_c76fdea48760d5f9368b465f31df4405>@@AAV<lambda_e378711a6f6581bf7f0efd7cdf97f5d9>@@$$QAV<lambda_e927a58b2a85c081d733e8c6192ae2d2>@@@Z 1000e2ad f i libucrt:wsetlocale.obj
 0001:0000d2f0       ??$__acrt_lock_and_call@V<lambda_e378711a6f6581bf7f0efd7cdf97f5d9>@@@@YAXW4__acrt_lock_id@@$$QAV<lambda_e378711a6f6581bf7f0efd7cdf97f5d9>@@@Z 1000e2f0 f i libucrt:wsetlocale.obj
 0001:0000d472       ___acrt_copy_locale_name   1000e472 f   libucrt:wsetlocale.obj
 0001:0000d4d8       ___acrt_set_locale_changed 1000e4d8 f   libucrt:wsetlocale.obj
 0001:0000d4e3       ___acrt_uninitialize_locale 1000e4e3 f   libucrt:wsetlocale.obj
 0001:0000d535       ___lc_lctowcs              1000e535 f   libucrt:wsetlocale.obj
 0001:0000d5a5       ___lc_wcstolc              1000e5a5 f   libucrt:wsetlocale.obj
 0001:0000d703       __expandlocale             1000e703 f   libucrt:wsetlocale.obj
 0001:0000da7a       __wcscats                  1000ea7a f   libucrt:wsetlocale.obj
 0001:0000dabb       __wsetlocale               1000eabb f   libucrt:wsetlocale.obj
 0001:0000e385       ___acrt_errno_from_os_error 1000f385 f   libucrt:errno.obj
 0001:0000e3c8       ___acrt_errno_map_os_error 1000f3c8 f   libucrt:errno.obj
 0001:0000e3eb       ___doserrno                1000f3eb f   libucrt:errno.obj
 0001:0000e3fe       __errno                    1000f3fe f   libucrt:errno.obj
 0001:0000e457       ??$?RV<lambda_9227be29367c048ad7fd93a717dcb1a1>@@AAV<lambda_a463b7b0560cfcaf9b17f27c6ef46564>@@V<lambda_ccea11b5727ccf69be64f5f5d9a08d9f>@@@?$__crt_seh_guarded_call@H@@QAEH$$QAV<lambda_9227be29367c048ad7fd93a717dcb1a1>@@AAV<lambda_a463b7b0560cfcaf9b17f27c6ef46564>@@$$QAV<lambda_ccea11b5727ccf69be64f5f5d9a08d9f>@@@Z 1000f457 f i libucrt:winapi_thunks.obj
 0001:0000e4db       ??$__acrt_lock_and_call@V<lambda_a463b7b0560cfcaf9b17f27c6ef46564>@@@@YAHW4__acrt_lock_id@@$$QAV<lambda_a463b7b0560cfcaf9b17f27c6ef46564>@@@Z 1000f4db f i libucrt:winapi_thunks.obj
 0001:0000e668       ___acrt_EnumSystemLocalesEx@16 1000f668 f   libucrt:winapi_thunks.obj
 0001:0000e6d5       ___acrt_FlsAlloc@4         1000f6d5 f   libucrt:winapi_thunks.obj
 0001:0000e72b       ___acrt_FlsFree@4          1000f72b f   libucrt:winapi_thunks.obj
 0001:0000e781       ___acrt_FlsGetValue@4      1000f781 f   libucrt:winapi_thunks.obj
 0001:0000e7d7       ___acrt_FlsSetValue@8      1000f7d7 f   libucrt:winapi_thunks.obj
 0001:0000e830       ___acrt_GetLocaleInfoEx@16 1000f830 f   libucrt:winapi_thunks.obj
 0001:0000e89a       ___acrt_GetUserDefaultLocaleName@8 1000f89a f   libucrt:winapi_thunks.obj
 0001:0000e901       ___acrt_InitializeCriticalSectionEx@12 1000f901 f   libucrt:winapi_thunks.obj
 0001:0000e963       ___acrt_IsValidLocaleName@4 1000f963 f   libucrt:winapi_thunks.obj
 0001:0000e9c6       ___acrt_LCIDToLocaleName@16 1000f9c6 f   libucrt:winapi_thunks.obj
 0001:0000ea30       ___acrt_LCMapStringEx@36   1000fa30 f   libucrt:winapi_thunks.obj
 0001:0000eab8       ___acrt_LocaleNameToLCID@8 1000fab8 f   libucrt:winapi_thunks.obj
 0001:0000eb14       ___acrt_MessageBoxW@16     1000fb14 f   libucrt:winapi_thunks.obj
 0001:0000eb5d       ___acrt_can_show_message_box 1000fb5d f   libucrt:winapi_thunks.obj
 0001:0000eb76       ___acrt_can_use_vista_locale_apis 1000fb76 f   libucrt:winapi_thunks.obj
 0001:0000eb82       ___acrt_get_parent_window  1000fb82 f   libucrt:winapi_thunks.obj
 0001:0000ec01       ___acrt_initialize_winapi_thunks 1000fc01 f   libucrt:winapi_thunks.obj
 0001:0000ec27       ___acrt_is_interactive     1000fc27 f   libucrt:winapi_thunks.obj
 0001:0000eccd       ___acrt_is_packaged_app    1000fccd f   libucrt:winapi_thunks.obj
 0001:0000ed54       ___acrt_uninitialize_winapi_thunks 1000fd54 f   libucrt:winapi_thunks.obj
 0001:0000ed8a       __fcloseall                1000fd8a f   libucrt:closeall.obj
 0001:0000ee2a       ___acrt_stdio_flush_nolock 1000fe2a f   libucrt:fflush.obj
 0001:0000ee90       __fflush_nolock            1000fe90 f   libucrt:fflush.obj
 0001:0000eed7       __flushall                 1000fed7 f   libucrt:fflush.obj
 0001:0000efb8       _fflush                    1000ffb8 f   libucrt:fflush.obj
 0001:0000f011       ___acrt_stdio_free_buffer_nolock 10010011 f   libucrt:_freebuf.obj
 0001:0000f1bb       ___acrt_initialize_lowio   100101bb f   libucrt:ioinit.obj
 0001:0000f211       ___acrt_uninitialize_lowio 10010211 f   libucrt:ioinit.obj
 0001:0000f23d       __isdigit_l                1001023d f i libucrt:_ctype.obj
 0001:0000f275       _isdigit                   10010275 f i libucrt:_ctype.obj
 0001:0000f409       __tolower_l                10010409 f   libucrt:tolower_toupper.obj
 0001:0000f423       _tolower                   10010423 f   libucrt:tolower_toupper.obj
 0001:0000f453       ??$make_c_string_character_source@_W$$T@__crt_strtox@@YA?AV?$c_string_character_source@_W@0@QB_W$$T@Z 10010453 f i libucrt:atox.obj
 0001:0000f453       ??$make_c_string_character_source@_WPAPA_W@__crt_strtox@@YA?AV?$c_string_character_source@_W@0@QB_WQAPA_W@Z 10010453 f i libucrt:strtox.obj
 0001:0000f453       ??$make_c_string_character_source@DPAPAD@__crt_strtox@@YA?AV?$c_string_character_source@D@0@QBDQAPAD@Z 10010453 f i libucrt:strtox.obj
 0001:0000f46e       _strtol                    1001046e f   libucrt:strtox.obj
 0001:0000f49a       _wcstol                    1001049a f   libucrt:strtox.obj
 0001:0000f4c6       __mbtowc_l                 100104c6 f   libucrt:mbtowc.obj
 0001:0000f5c0       _mbtowc                    100105c0 f   libucrt:mbtowc.obj
 0001:0000f5da       __wctomb_s_l               100105da f   libucrt:wctomb.obj
 0001:0000f6fb       _wctomb_s                  100106fb f   libucrt:wctomb.obj
 0001:0000f718       _strnlen                   10010718 f   libucrt:strnlen.obj
 0001:0000f83f       _wcsnlen                   1001083f f   libucrt:strnlen.obj
 0001:0000f9f6       ___acrt_update_locale_info 100109f6 f   libucrt:locale_update.obj
 0001:0000fa23       ___acrt_update_multibyte_info 10010a23 f   libucrt:locale_update.obj
 0001:0000fa50       ?__acrt_fp_classify@@YA?AW4__acrt_fp_class@@ABN@Z 10010a50 f i libucrt:cvt.obj
 0001:0000fabc       ?__acrt_fp_is_negative@@YA_NABN@Z 10010abc f i libucrt:cvt.obj
 0001:0001031b       ___acrt_fp_format          1001131b f   libucrt:cvt.obj
 0001:00010497       __fputwc_nolock            10011497 f   libucrt:fputwc.obj
 0001:000105bd       __fileno                   100115bd f   libucrt:fileno.obj
 0001:000105e3       __fputc_nolock             100115e3 f   libucrt:fputc.obj
 0001:0001060c       __get_printf_count_output  1001160c f   libucrt:printf_count_output.obj
 0001:00010621       ___acrt_stdio_begin_temporary_buffering_nolock 10011621 f   libucrt:_sftbuf.obj
 0001:000106d6       ___acrt_stdio_end_temporary_buffering_nolock 100116d6 f   libucrt:_sftbuf.obj
 0001:0001070f       __query_app_type           1001170f f   libucrt:report_runtime_error.obj
 0001:00010802       __itow_s                   10011802 f   libucrt:xtoa.obj
 0001:00010837       __set_error_mode           10011837 f   libucrt:set_error_mode.obj
 0001:00010876       _wcscat_s                  10011876 f   libucrt:wcscat_s.obj
 0001:000108eb       _wcscpy_s                  100118eb f   libucrt:wcscpy_s.obj
 0001:00010a38       _wcsncat_s                 10011a38 f   libucrt:wcsncat_s.obj
 0001:00010b3e       ___acrt_show_wide_message_box 10011b3e f   libucrt:crtmbox.obj
 0001:00010b49       ??$?RV<lambda_d92cfe8357b99225085016881b624cb0>@@AAV<lambda_b721fa326cdb32351d23dfa67958c160>@@V<lambda_42d75b0848218ec137fa420c8ba9fdf9>@@@?$__crt_seh_guarded_call@H@@QAEH$$QAV<lambda_d92cfe8357b99225085016881b624cb0>@@AAV<lambda_b721fa326cdb32351d23dfa67958c160>@@$$QAV<lambda_42d75b0848218ec137fa420c8ba9fdf9>@@@Z 10011b49 f i libucrt:setvbuf.obj
 0001:00010b9a       ??$__acrt_lock_stream_and_call@V<lambda_b721fa326cdb32351d23dfa67958c160>@@@@YAHQAU_iobuf@@$$QAV<lambda_b721fa326cdb32351d23dfa67958c160>@@@Z 10011b9a f i libucrt:setvbuf.obj
 0001:00010c8f       _setvbuf                   10011c8f f   libucrt:setvbuf.obj
 0001:00010d05       ??$?RV<lambda_a048d3beccc847880fc8490e18b82769>@@AAV<lambda_ec61778202f4f5fc7e7711acc23c3bca>@@V<lambda_f7496a158712204296dd6628a163878e>@@@?$__crt_seh_guarded_call@P6AXH@Z@@QAEP6AXH@Z$$QAV<lambda_a048d3beccc847880fc8490e18b82769>@@AAV<lambda_ec61778202f4f5fc7e7711acc23c3bca>@@$$QAV<lambda_f7496a158712204296dd6628a163878e>@@@Z 10011d05 f i libucrt:signal.obj
 0001:00010d5f       ??$__acrt_lock_and_call@V<lambda_ec61778202f4f5fc7e7711acc23c3bca>@@@@YAP6AXH@ZW4__acrt_lock_id@@$$QAV<lambda_ec61778202f4f5fc7e7711acc23c3bca>@@@Z 10011d5f f i libucrt:signal.obj
 0001:00010dc9       ?initialize@?$dual_state_global@P6AHI@Z@__crt_state_management@@QAEXQ6AHI@Z@Z 10011dc9 f i libucrt:new_handler.obj
 0001:00010dc9       ?initialize@?$dual_state_global@P6AXPB_W00II@Z@__crt_state_management@@QAEXQ6AXPB_W00II@Z@Z 10011dc9 f i libucrt:invalid_parameter.obj
 0001:00010dc9       ?initialize@?$dual_state_global@P6AHPAU_exception@@@Z@__crt_state_management@@QAEXQ6AHPAU_exception@@@Z@Z 10011dc9 f i libucrt:matherr.obj
 0001:00010dc9       ?initialize@?$dual_state_global@PAU__crt_locale_data@@@__crt_state_management@@QAEXQAU__crt_locale_data@@@Z 10011dc9 f i libucrt:initialization.obj
 0001:00010dc9       ?initialize@?$dual_state_global@P6AXH@Z@__crt_state_management@@QAEXQ6AXH@Z@Z 10011dc9 f i libucrt:signal.obj
 0001:00010dc9       ?initialize@?$dual_state_global@PAPAD@__crt_state_management@@QAEXQAPAD@Z 10011dc9 f i libucrt:environment_initialization.obj
 0001:00010e22       ___acrt_get_sigabrt_handler 10011e22 f   libucrt:signal.obj
 0001:00010e39       ___acrt_initialize_signal_handlers 10011e39 f   libucrt:signal.obj
 0001:00010e74       ___fpecode                 10011e74 f   libucrt:signal.obj
 0001:00010e7d       _raise                     10011e7d f   libucrt:signal.obj
 0001:00011447       ??1?$argument_list@D@?A0xb0e4b824@@QAE@XZ 10012447 f i libucrt:argv_wildcards.obj
 0001:0001146c       ?append@?$argument_list@D@?A0xb0e4b824@@QAEHQAD@Z 1001246c f i libucrt:argv_wildcards.obj
 0001:000114a1       ?expand_if_necessary@?$argument_list@D@?A0xb0e4b824@@AAEHXZ 100124a1 f i libucrt:argv_wildcards.obj
 0001:00011528       ___acrt_expand_narrow_argv_wildcards 10012528 f   libucrt:argv_wildcards.obj
 0001:00011533       ??$?RV<lambda_978dc153c237d78434369da87b74ff60>@@AAV<lambda_ad1ced32f4ac17aa236e5ef05d6b3b7c>@@V<lambda_4a8533e2866a575feecb8298ce776b0d>@@@?$__crt_seh_guarded_call@X@@QAEX$$QAV<lambda_978dc153c237d78434369da87b74ff60>@@AAV<lambda_ad1ced32f4ac17aa236e5ef05d6b3b7c>@@$$QAV<lambda_4a8533e2866a575feecb8298ce776b0d>@@@Z 10012533 f i libucrt:mbctype.obj
 0001:00011576       ??$__acrt_lock_and_call@V<lambda_ad1ced32f4ac17aa236e5ef05d6b3b7c>@@@@YAXW4__acrt_lock_id@@$$QAV<lambda_ad1ced32f4ac17aa236e5ef05d6b3b7c>@@@Z 10012576 f i libucrt:mbctype.obj
 0001:00011a0d       ___acrt_initialize_multibyte 10012a0d f   libucrt:mbctype.obj
 0001:00011a2b       ___acrt_update_thread_multibyte_data 10012a2b f   libucrt:mbctype.obj
 0001:00011acd       __setmbcp_nolock           10012acd f   libucrt:mbctype.obj
 0001:00011d17       __ismbblead                10012d17 f   libucrt:ismbbyte.obj
 0001:00011d2f       ___acrt_initialize_command_line 10012d2f f   libucrt:argv_data.obj
 0001:00011d7f       ___dcrt_get_narrow_environment_from_os 10012d7f f   libucrt:get_environment_from_os.obj
 0001:00011e02       __recalloc                 10012e02 f   libucrt:recalloc.obj
 0001:00011e0d       __recalloc_base            10012e0d f   libucrt:recalloc.obj
 0001:00011e7a       ___acrt_initialize_heap    10012e7a f   libucrt:heap_handle.obj
 0001:00011e8b       ___acrt_uninitialize_heap  10012e8b f   libucrt:heap_handle.obj
 0001:00011e95       ___acrt_execute_initializers 10012e95 f   libucrt:shared_initialization.obj
 0001:00011f18       ___acrt_execute_uninitializers 10012f18 f   libucrt:shared_initialization.obj
 0001:00011f65       ___acrt_has_user_matherr   10012f65 f   libucrt:matherr.obj
 0001:00011f7e       ___acrt_initialize_user_matherr 10012f7e f   libucrt:matherr.obj
 0001:00011f92       ___acrt_invoke_user_matherr 10012f92 f   libucrt:matherr.obj
 0001:00011fdb       __query_new_mode           10012fdb f   libucrt:new_mode.obj
 0001:00011fe1       ___pctype_func             10012fe1 f   libucrt:ctype.obj
 0001:00012007       _iswctype                  10013007 f   libucrt:iswctype.obj
 0001:00012066       __isctype_l                10013066 f   libucrt:isctype.obj
 0001:00012138       __isleadbyte_l             10013138 f i libucrt:_wctype.obj
 0001:00012171       ___acrt_add_locale_ref     10013171 f   libucrt:locale_refcounting.obj
 0001:000121ee       ___acrt_free_locale        100131ee f   libucrt:locale_refcounting.obj
 0001:00012338       ___acrt_locale_add_lc_time_reference 10013338 f   libucrt:locale_refcounting.obj
 0001:00012361       ___acrt_locale_free_lc_time_if_unreferenced 10013361 f   libucrt:locale_refcounting.obj
 0001:00012391       ___acrt_locale_release_lc_time_reference 10013391 f   libucrt:locale_refcounting.obj
 0001:000123ba       ___acrt_release_locale_ref 100133ba f   libucrt:locale_refcounting.obj
 0001:0001243b       ___acrt_update_thread_locale_data 1001343b f   libucrt:locale_refcounting.obj
 0001:000124b2       __updatetlocinfoEx_nolock  100134b2 f   libucrt:locale_refcounting.obj
 0001:00012502       ___acrt_locale_initialize_ctype 10013502 f   libucrt:initctype.obj
 0001:000128a0       ___acrt_locale_free_monetary 100138a0 f   libucrt:initmon.obj
 0001:0001299e       ___acrt_locale_initialize_monetary 1001399e f   libucrt:initmon.obj
 0001:00012d5a       ___acrt_locale_free_numeric 10013d5a f   libucrt:initnum.obj
 0001:00012dc3       ___acrt_locale_initialize_numeric 10013dc3 f   libucrt:initnum.obj
 0001:00013298       ___acrt_locale_free_time   10014298 f   libucrt:inittime.obj
 0001:0001337c       ___acrt_locale_initialize_time 1001437c f   libucrt:inittime.obj
 0001:000134c8       _wcsncpy_s                 100144c8 f   libucrt:wcsncpy_s.obj
 0001:000134d3       _wcscspn                   100144d3 f   libucrt:wcscspn.obj
 0001:00013523       _wcsncmp                   10014523 f   libucrt:wcsncmp.obj
 0001:0001355d       _wcspbrk                   1001455d f   libucrt:wcspbrk.obj
 0001:000135a2       ___acrt_GetStringTypeA     100145a2 f   libucrt:getstringtypea.obj
 0001:000136bf       __freea_crt                100146bf f i libucrt:getstringtypea.obj
 0001:00013ddd       ___acrt_get_qualified_locale 10014ddd f   libucrt:get_qualified_locale.obj
 0001:00014715       ___acrt_get_qualified_locale_downlevel 10015715 f   libucrt:getqloc_downlevel.obj
 0001:000149d8       ___acrt_DownlevelLCIDToLocaleName 100159d8 f   libucrt:lcidtoname_downlevel.obj
 0001:00014a82       ___acrt_DownlevelLocaleNameToLCID 10015a82 f   libucrt:lcidtoname_downlevel.obj
 0001:00014aae       __fclose_nolock            10015aae f   libucrt:fclose.obj
 0001:00014b24       _fclose                    10015b24 f   libucrt:fclose.obj
 0001:00014ba4       ??$?RV<lambda_61cee617f5178ae960314fd4d05640a0>@@AAV<lambda_6978c1fb23f02e42e1d9e99668cc68aa>@@V<lambda_9cd88cf8ad10232537feb2133f08c833>@@@?$__crt_seh_guarded_call@H@@QAEH$$QAV<lambda_61cee617f5178ae960314fd4d05640a0>@@AAV<lambda_6978c1fb23f02e42e1d9e99668cc68aa>@@$$QAV<lambda_9cd88cf8ad10232537feb2133f08c833>@@@Z 10015ba4 f i libucrt:commit.obj
 0001:00014c3c       ??$__acrt_lowio_lock_fh_and_call@V<lambda_6978c1fb23f02e42e1d9e99668cc68aa>@@@@YAHH$$QAV<lambda_6978c1fb23f02e42e1d9e99668cc68aa>@@@Z 10015c3c f i libucrt:commit.obj
 0001:00014c64       __commit                   10015c64 f   libucrt:commit.obj
 0001:00015263       __write                    10016263 f   libucrt:write.obj
 0001:0001534e       __write_nolock             1001634e f   libucrt:write.obj
 0001:0001555a       ___acrt_lowio_create_handle_array 1001655a f   libucrt:osfinfo.obj
 0001:000155d4       ___acrt_lowio_destroy_handle_array 100165d4 f   libucrt:osfinfo.obj
 0001:00015609       ___acrt_lowio_ensure_fh_exists 10016609 f   libucrt:osfinfo.obj
 0001:000156a1       ___acrt_lowio_lock_fh      100166a1 f   libucrt:osfinfo.obj
 0001:000156c4       ___acrt_lowio_unlock_fh    100166c4 f   libucrt:osfinfo.obj
 0001:000156e7       __free_osfhnd              100166e7 f   libucrt:osfinfo.obj
 0001:00015778       __get_osfhandle            10016778 f   libucrt:osfinfo.obj
 0001:000159ff       ___acrt_LCMapStringA       100169ff f   libucrt:lcmapstringa.obj
 0001:00015a4a       ___acrt_fp_strflt_to_string 10016a4a f   libucrt:_fptostr.obj
 0001:00015b06       ??0scoped_fp_state_reset@?A0x48fbfdd4@@QAE@XZ 10016b06 f i libucrt:cfout.obj
 0001:00015b30       ?divide@__crt_strtox@@YA_KAAUbig_integer@1@ABU21@@Z 10016b30 f i libucrt:cfout.obj
 0001:00015fde       ___acrt_fltout             10016fde f   libucrt:cfout.obj
 0001:00017740       ___acrt_stdio_flush_and_write_narrow_nolock 10018740 f   libucrt:_flsbuf.obj
 0001:0001774b       ___acrt_stdio_flush_and_write_wide_nolock 1001874b f   libucrt:_flsbuf.obj
 0001:00017756       __isatty                   10018756 f   libucrt:isatty.obj
 0001:00017890       _qsort                     10018890 f   libucrt:qsort.obj
 0001:00017cdb       _strncpy_s                 10018cdb f   libucrt:strncpy_s.obj
 0001:00017cf0       _strpbrk                   10018cf0 f   libucrt:strpbrk.obj
 0001:00017d30       __mbsdec                   10018d30 f   libucrt:mbsdec.obj
 0001:00017d47       __mbsdec_l                 10018d47 f   libucrt:mbsdec.obj
 0001:00017de3       __msize                    10018de3 f   libucrt:msize.obj
 0001:00017e16       __realloc_base             10018e16 f   libucrt:realloc_base.obj
 0001:00017f7a       ___acrt_GetLocaleInfoA     10018f7a f   libucrt:getlocaleinfoa.obj
 0001:0001812c       __wcsicmp                  1001912c f   libucrt:wcsicmp.obj
 0001:000181c1       __wcsicmp_l                100191c1 f   libucrt:wcsicmp.obj
 0001:000182a1       __wcsnicmp                 100192a1 f   libucrt:wcsnicmp.obj
 0001:00018359       __wcsnicmp_l               10019359 f   libucrt:wcsnicmp.obj
 0001:0001845a       ??$?RV<lambda_123407a5e2ac06da108355a851863b7a>@@AAV<lambda_2fe9b910cf3cbf4a0ab98a02ba45b3ec>@@V<lambda_ae55bdf541ad94d75914d381c370e64d>@@@?$__crt_seh_guarded_call@H@@QAEH$$QAV<lambda_123407a5e2ac06da108355a851863b7a>@@AAV<lambda_2fe9b910cf3cbf4a0ab98a02ba45b3ec>@@$$QAV<lambda_ae55bdf541ad94d75914d381c370e64d>@@@Z 1001945a f i libucrt:close.obj
 0001:000184dc       ??$__acrt_lowio_lock_fh_and_call@V<lambda_2fe9b910cf3cbf4a0ab98a02ba45b3ec>@@@@YAHH$$QAV<lambda_2fe9b910cf3cbf4a0ab98a02ba45b3ec>@@@Z 100194dc f i libucrt:close.obj
 0001:00018504       __close                    10019504 f   libucrt:close.obj
 0001:00018583       __close_nolock             10019583 f   libucrt:close.obj
 0001:0001861f       ?__acrt_stdio_free_stream@@YAXV__crt_stdio_stream@@@Z 1001961f f   libucrt:stream.obj
 0001:000187dd       __lseeki64                 100197dd f   libucrt:lseek.obj
 0001:000187f8       __lseeki64_nolock          100197f8 f   libucrt:lseek.obj
 0001:00018813       __putwch_nolock            10019813 f   libucrt:putwch.obj
 0001:00018858       ___strncnt                 10019858 f   libucrt:strncnt.obj
 0001:00018874       _fegetenv                  10019874 f   libucrt:fegetenv.obj
 0001:00018891       _fesetenv                  10019891 f   libucrt:fesetenv.obj
 0001:000188da       _feholdexcept              100198da f   libucrt:feholdexcept.obj
 0001:00018930       _log10                     10019930 f   libucrt:log10.obj
 0001:00018970       __CIlog10                  10019970 f   libucrt:log10.obj
 0001:000189ab       __CIlog10_default          100199ab f   libucrt:log10.obj
 0001:000189bf       __log10_default            100199bf     libucrt:log10.obj
 0001:00018a80       _ceil                      10019a80 f   libucrt:ceil_pentium4.obj
 0001:00018ac0       __ceil_pentium4            10019ac0 f   libucrt:ceil_pentium4.obj
 0001:00018b9d       ___acrt_stdio_allocate_buffer_nolock 10019b9d f   libucrt:_getbuf.obj
 0001:00018bfa       __towlower_l               10019bfa f   libucrt:towlower.obj
 0001:00018cc3       ___dcrt_lowio_initialize_console_output 10019cc3 f   libucrt:initcon.obj
 0001:00018ce2       ___dcrt_terminate_console_output 10019ce2 f   libucrt:initcon.obj
[...]
 0002:00005df0       LOG_name                   10024df0     libucrt:log10.obj
 0002:00005e00       _One                       10024e00     libucrt:ceil_pentium4.obj
 0002:00005e10       _Bns                       10024e10     libucrt:ceil_pentium4.obj
 0002:00005e20       _Zero                      10024e20     libucrt:ceil_pentium4.obj
 0002:00005e30       _S                         10024e30     libucrt:ceil_pentium4.obj
 0002:00005e40       _NegZero                   10024e40     libucrt:ceil_pentium4.obj
 0002:00005e60       emask                      10024e60     libucrt:log10_pentium4.obj
 0002:00005e70       CC                         10024e70     libucrt:log10_pentium4.obj
 0002:00005e80       Magic                      10024e80     libucrt:log10_pentium4.obj
 0002:00005e90       hi_mask                    10024e90     libucrt:log10_pentium4.obj
 0002:00005ea0       LOG10_2                    10024ea0     libucrt:log10_pentium4.obj
 0002:00005eb0       place_L                    10024eb0     libucrt:log10_pentium4.obj
 0002:00005ed0       One                        10024ed0     libucrt:log10_pentium4.obj
 0002:00005ee0       Zero                       10024ee0     libucrt:log10_pentium4.obj
 0002:00005ef0       Two52                      10024ef0     libucrt:log10_pentium4.obj
 0002:00005f00       Infs                       10024f00     libucrt:log10_pentium4.obj
 0002:00005f10       NaN                        10024f10     libucrt:log10_pentium4.obj
 0002:00005f20       coeff                      10024f20     libucrt:log10_pentium4.obj
 0002:00005f7e       _log2max                   10024f7e     libucrt:87tran.obj
 0002:00005f88       _smallarg                  10024f88     libucrt:87tran.obj
 0002:00005f92       _half                      10024f92     libucrt:87tran.obj
 0002:00005fde       One                        10024fde     libucrt:87disp.obj
 0002:00005fe6       Three                      10024fe6     libucrt:87disp.obj
 0002:00005fee       XAMtoTagTab                10024fee     libucrt:87disp.obj
 0002:00006000       One                        10025000     libucrt:common.obj
 0002:00006014       DblMax                     10025014     libucrt:common.obj
 0002:0000601c       DblMin                     1002501c     libucrt:common.obj
 0002:00006024       IeeeAdjO                   10025024     libucrt:common.obj
 0002:0000602c       IeeeAdjU                   1002502c     libucrt:common.obj
 0002:00006034       _infinity                  10025034     libucrt:common.obj
 0002:0000603c       _zero                      1002503c     libucrt:common.obj
 0002:00006078       _over                      10025078     libucrt:fpctrl.obj
 0002:00006084       _under                     10025084     libucrt:fpctrl.obj
 0002:00006948       ?_names@?1??_get_fname@@9@9 10025948     libucrt:fpexcept.obj
 0002:000072e0       ?piecewise_construct@std@@3Upiecewise_construct_t@1@B 100262e0     lxled.obj
 0002:00007a68       __sehtable$___scrt_is_nonwritable_in_current_image 10026a68     LIBCMT:utility.obj
 0002:00007a88       __sehtable$?dllmain_crt_process_attach@@YAHQAUHINSTANCE__@@QAX@Z 10026a88     LIBCMT:dll_dllmain.obj
 0002:00007aa8       __sehtable$?dllmain_crt_process_detach@@YAH_N@Z 10026aa8     LIBCMT:dll_dllmain.obj
 0002:00007ac8       __sehtable$?dllmain_dispatch@@YAHQAUHINSTANCE__@@KQAX@Z 10026ac8     LIBCMT:dll_dllmain.obj
 0002:00007b20       __sehtable$_setlocale      10026b20     libucrt:setlocale.obj
 0002:00007b40       __sehtable$??$?RV<lambda_db08b09ef7aa9d4f8620ce68402612bc>@@AAV<lambda_4f2c1eaeead2a5fc776db5b62ea0fb9b>@@V<lambda_3ae262bc35d4ba6a3825c4f6bcaaf95c>@@@?$__crt_seh_guarded_call@H@@QAEH$$QAV<lambda_db08b09ef7aa9d4f8620ce68402612bc>@@AAV<lambda_4f2c1eaeead2a5fc776db5b62ea0fb9b>@@$$QAV<lambda_3ae262bc35d4ba6a3825c4f6bcaaf95c>@@@Z 10026b40     libucrt:output.obj
 0002:00007b60       __sehtable$??$?RV<lambda_ab9923ffb5d694ec0d78876dd103e44f>@@AAV<lambda_481dd5778c961fbcd3b60b650e9b9dc4>@@V<lambda_7923d86c9e3f319b415918ec4b39749c>@@@?$__crt_seh_guarded_call@H@@QAEH$$QAV<lambda_ab9923ffb5d694ec0d78876dd103e44f>@@AAV<lambda_481dd5778c961fbcd3b60b650e9b9dc4>@@$$QAV<lambda_7923d86c9e3f319b415918ec4b39749c>@@@Z 10026b60     libucrt:output.obj
 0002:00007b80       __sehtable$__query_new_handler 10026b80     libucrt:new_handler.obj
 0002:00007ba0       __sehtable$?common_exit@@YAXHW4_crt_exit_cleanup_mode@@W4_crt_exit_return_mode@@@Z 10026ba0     libucrt:exit.obj
 0002:00007bc8       __sehtable$??$?RV<lambda_800076c951b434888f4765a74a194fcc>@@AAV<lambda_4e60a939b0d047cfe11ddc22648dfba9>@@V<lambda_6dbb1268764f43b569ce7b67e331d33a>@@@?$__crt_seh_guarded_call@H@@QAEH$$QAV<lambda_800076c951b434888f4765a74a194fcc>@@AAV<lambda_4e60a939b0d047cfe11ddc22648dfba9>@@$$QAV<lambda_6dbb1268764f43b569ce7b67e331d33a>@@@Z 10026bc8     libucrt:onexit.obj
 0002:00007be8       __sehtable$??$?RV<lambda_995298e7d72eb4c2aab26c0585b3abe5>@@AAV<lambda_275893d493268fdec8709772e3fcec0e>@@V<lambda_293819299cbf9a7022e18b56a874bb5c>@@@?$__crt_seh_guarded_call@H@@QAEH$$QAV<lambda_995298e7d72eb4c2aab26c0585b3abe5>@@AAV<lambda_275893d493268fdec8709772e3fcec0e>@@$$QAV<lambda_293819299cbf9a7022e18b56a874bb5c>@@@Z 10026be8     libucrt:onexit.obj
 0002:00007c08       __sehtable$_terminate      10026c08     libucrt:terminate.obj
 0002:00007c28       __sehtable$??$?RV<lambda_9df27f884b057bc3edfc946cb5b7cf47>@@AAV<lambda_e69574bed617af4e071282c136b37893>@@V<lambda_cc0d902bcbbeb830f749456577db4721>@@@?$__crt_seh_guarded_call@X@@QAEX$$QAV<lambda_9df27f884b057bc3edfc946cb5b7cf47>@@AAV<lambda_e69574bed617af4e071282c136b37893>@@$$QAV<lambda_cc0d902bcbbeb830f749456577db4721>@@@Z 10026c28     libucrt:per_thread_data.obj
 0002:00007c48       __sehtable$??$?RV<lambda_3518db117f0e7cdb002338c5d3c47b6c>@@AAV<lambda_b2ea41f6bbb362cd97d94c6828d90b61>@@V<lambda_abdedf541bb04549bc734292b4a045d4>@@@?$__crt_seh_guarded_call@X@@QAEX$$QAV<lambda_3518db117f0e7cdb002338c5d3c47b6c>@@AAV<lambda_b2ea41f6bbb362cd97d94c6828d90b61>@@$$QAV<lambda_abdedf541bb04549bc734292b4a045d4>@@@Z 10026c48     libucrt:per_thread_data.obj
 0002:00007c68       __sehtable$??$?RV<lambda_51b6e8b1eb166f2a3faf91f424b38130>@@AAV<lambda_6250bd4b2a391816dd638c3bf72b0bcb>@@V<lambda_0b5a4a3e68152e1d9b943535f5f47bed>@@@?$__crt_seh_guarded_call@X@@QAEX$$QAV<lambda_51b6e8b1eb166f2a3faf91f424b38130>@@AAV<lambda_6250bd4b2a391816dd638c3bf72b0bcb>@@$$QAV<lambda_0b5a4a3e68152e1d9b943535f5f47bed>@@@Z 10026c68     libucrt:per_thread_data.obj
 0002:00007c88       __sehtable$??$?RV<lambda_5b71d36f03204c0beab531769a5b5694>@@AAV<lambda_be2b3da3f62db62e9dad5dc70221a656>@@V<lambda_8f9ce462984622f9bf76b59e2aaaf805>@@@?$__crt_seh_guarded_call@X@@QAEX$$QAV<lambda_5b71d36f03204c0beab531769a5b5694>@@AAV<lambda_be2b3da3f62db62e9dad5dc70221a656>@@$$QAV<lambda_8f9ce462984622f9bf76b59e2aaaf805>@@@Z 10026c88     libucrt:per_thread_data.obj
 0002:00007ca8       __sehtable$___acrt_uninitialize_locale 10026ca8     libucrt:wsetlocale.obj
 0002:00007cc8       __sehtable$??$?RV<lambda_70818de7b02deff9841e8b0962a60ed9>@@AAV<lambda_2af78c5f5901b1372d98f9ab3177dfa6>@@AAV<lambda_f51fe5fd7c79a33db34fc9310f277369>@@@?$__crt_seh_guarded_call@X@@QAEX$$QAV<lambda_70818de7b02deff9841e8b0962a60ed9>@@AAV<lambda_2af78c5f5901b1372d98f9ab3177dfa6>@@AAV<lambda_f51fe5fd7c79a33db34fc9310f277369>@@@Z 10026cc8     libucrt:wsetlocale.obj
 0002:00007ce8       __sehtable$??$?RV<lambda_c76fdea48760d5f9368b465f31df4405>@@AAV<lambda_e378711a6f6581bf7f0efd7cdf97f5d9>@@V<lambda_e927a58b2a85c081d733e8c6192ae2d2>@@@?$__crt_seh_guarded_call@X@@QAEX$$QAV<lambda_c76fdea48760d5f9368b465f31df4405>@@AAV<lambda_e378711a6f6581bf7f0efd7cdf97f5d9>@@$$QAV<lambda_e927a58b2a85c081d733e8c6192ae2d2>@@@Z 10026ce8     libucrt:wsetlocale.obj
 0002:00007d08       __sehtable$??$?RV<lambda_9227be29367c048ad7fd93a717dcb1a1>@@AAV<lambda_a463b7b0560cfcaf9b17f27c6ef46564>@@V<lambda_ccea11b5727ccf69be64f5f5d9a08d9f>@@@?$__crt_seh_guarded_call@H@@QAEH$$QAV<lambda_9227be29367c048ad7fd93a717dcb1a1>@@AAV<lambda_a463b7b0560cfcaf9b17f27c6ef46564>@@$$QAV<lambda_ccea11b5727ccf69be64f5f5d9a08d9f>@@@Z 10026d08     libucrt:winapi_thunks.obj
 0002:00007d28       __sehtable$__fcloseall     10026d28     libucrt:closeall.obj
 0002:00007d48       __sehtable$_fflush         10026d48     libucrt:fflush.obj
 0002:00007d68       __sehtable$_common_flush_all 10026d68     libucrt:fflush.obj
 0002:00007d90       __sehtable$___acrt_initialize_lowio 10026d90     libucrt:ioinit.obj
 0002:00007db0       __sehtable$??$?RV<lambda_d92cfe8357b99225085016881b624cb0>@@AAV<lambda_b721fa326cdb32351d23dfa67958c160>@@V<lambda_42d75b0848218ec137fa420c8ba9fdf9>@@@?$__crt_seh_guarded_call@H@@QAEH$$QAV<lambda_d92cfe8357b99225085016881b624cb0>@@AAV<lambda_b721fa326cdb32351d23dfa67958c160>@@$$QAV<lambda_42d75b0848218ec137fa420c8ba9fdf9>@@@Z 10026db0     libucrt:setvbuf.obj
 0002:00007dd0       __sehtable$_raise          10026dd0     libucrt:signal.obj
 0002:00007df0       __sehtable$??$?RV<lambda_a048d3beccc847880fc8490e18b82769>@@AAV<lambda_ec61778202f4f5fc7e7711acc23c3bca>@@V<lambda_f7496a158712204296dd6628a163878e>@@@?$__crt_seh_guarded_call@P6AXH@Z@@QAEP6AXH@Z$$QAV<lambda_a048d3beccc847880fc8490e18b82769>@@AAV<lambda_ec61778202f4f5fc7e7711acc23c3bca>@@$$QAV<lambda_f7496a158712204296dd6628a163878e>@@@Z 10026df0     libucrt:signal.obj
 0002:00007e10       __sehtable$___acrt_update_thread_multibyte_data 10026e10     libucrt:mbctype.obj
 0002:00007e30       __sehtable$??$?RV<lambda_978dc153c237d78434369da87b74ff60>@@AAV<lambda_ad1ced32f4ac17aa236e5ef05d6b3b7c>@@V<lambda_4a8533e2866a575feecb8298ce776b0d>@@@?$__crt_seh_guarded_call@X@@QAEX$$QAV<lambda_978dc153c237d78434369da87b74ff60>@@AAV<lambda_ad1ced32f4ac17aa236e5ef05d6b3b7c>@@$$QAV<lambda_4a8533e2866a575feecb8298ce776b0d>@@@Z 10026e30     libucrt:mbctype.obj
 0002:00007e50       __sehtable$___acrt_update_thread_locale_data 10026e50     libucrt:locale_refcounting.obj
 0002:00007e70       __sehtable$_fclose         10026e70     libucrt:fclose.obj
 0002:00007e90       __sehtable$??$?RV<lambda_61cee617f5178ae960314fd4d05640a0>@@AAV<lambda_6978c1fb23f02e42e1d9e99668cc68aa>@@V<lambda_9cd88cf8ad10232537feb2133f08c833>@@@?$__crt_seh_guarded_call@H@@QAEH$$QAV<lambda_61cee617f5178ae960314fd4d05640a0>@@AAV<lambda_6978c1fb23f02e42e1d9e99668cc68aa>@@$$QAV<lambda_9cd88cf8ad10232537feb2133f08c833>@@@Z 10026e90     libucrt:commit.obj
 0002:00007eb0       __sehtable$__write         10026eb0     libucrt:write.obj
 0002:00007ed0       __sehtable$___acrt_lowio_ensure_fh_exists 10026ed0     libucrt:osfinfo.obj
 0002:00007ef0       __sehtable$??$?RV<lambda_123407a5e2ac06da108355a851863b7a>@@AAV<lambda_2fe9b910cf3cbf4a0ab98a02ba45b3ec>@@V<lambda_ae55bdf541ad94d75914d381c370e64d>@@@?$__crt_seh_guarded_call@H@@QAEH$$QAV<lambda_123407a5e2ac06da108355a851863b7a>@@AAV<lambda_2fe9b910cf3cbf4a0ab98a02ba45b3ec>@@$$QAV<lambda_ae55bdf541ad94d75914d381c370e64d>@@@Z 10026ef0     libucrt:close.obj
 0002:00007f10       __sehtable$??$common_lseek@_J@@YA_JH_JH@Z 10026f10     libucrt:lseek.obj
 0002:00007f30       __sehtable$__IsNonwritableInCurrentImage 10026f30     LIBCMT:pesect.obj
 0002:00008820       .edata                     10027820     LX.exp
 0002:00008848       rgpv                       10027848     LX.exp
 0002:0000884c       rgszName                   1002784c     LX.exp
 0002:00008850       rgwOrd                     10027850     LX.exp
 0002:00008852       szName                     10027852     LX.exp
 0002:0000885a       $N00001                    1002785a     LX.exp
 0002:00008a22       .idata$6                   10027a22     kernel32:KERNEL32.dll
 0003:00000010       ?__vcrt_flsindex@@3KA      10028010     libvcruntime:per_thread_data.obj
 0003:000000dc       ___acrt_flsindex           100280dc     libucrt:per_thread_data.obj
 0003:000000e0       __ctype_loc_style          100280e0     libucrt:wsetlocale.obj
 0003:000000e8       _errno_no_memory           100280e8     libucrt:errno.obj
 0003:000000ec       _doserrno_no_memory        100280ec     libucrt:errno.obj
 0003:000001ec       ___rgctypeflag             100281ec     libucrt:mbctype.obj
 0003:000001f0       ___rgcode_page_info        100281f0     libucrt:mbctype.obj
 0003:000007a0       ?GBKmapUL@@3PAUg2u@@A      100287a0     lxled.obj
 0003:0002b0a0       ?ULmapGBK@@3PAUu2g@@A      100530a0     lxled.obj
 0003:000559a0       __module                   1007d9a0     LX.obj
 0003:00055b3c       ?module_local_atexit_table@@3U_onexit_table_t@@A 1007db3c     LIBCMT:utility.obj
 0003:00055b48       ?module_local_at_quick_exit_table@@3U_onexit_table_t@@A 1007db48     LIBCMT:utility.obj
 0003:00055b54       ?is_initialized_as_dll@@3_NA 1007db54     LIBCMT:utility.obj
 0003:00055b58       ?__proc_attached@@3HA      1007db58     LIBCMT:dll_dllmain.obj
 0003:00055b60       _GS_ExceptionRecord        1007db60     LIBCMT:gs_report.obj
 0003:00055bb0       _GS_ContextRecord          1007dbb0     LIBCMT:gs_report.obj
 0003:00055e98       ?__vcrt_startup_thread_ptd@@3U__vcrt_ptd@@A 1007de98     libvcruntime:per_thread_data.obj
 0003:00055ec0       ___vcrt_lock_table         1007dec0     libvcruntime:locks.obj
 0003:00055ed8       ___vcrt_locks_initialized  1007ded8     libvcruntime:locks.obj
 0003:00055edc       ?module_handles@@3PAPAUHINSTANCE__@@A 1007dedc     libvcruntime:winapi_downlevel.obj
 0003:00055eec       ?encoded_function_pointers@@3PAPAXA 1007deec     libvcruntime:winapi_downlevel.obj
 0003:00055f3c       ?heap@@3V_HeapManager@@A   1007df3c     libvcruntime:undname.obj
 0003:00055f5c       ___acrt_invalid_parameter_handler 1007df5c     libucrt:invalid_parameter.obj
 0003:00055f60       ___acrt_new_handler        1007df60     libucrt:new_handler.obj
 0003:00055f64       _c_termination_complete    1007df64     libucrt:exit.obj
 0003:00055f68       _thread_local_exit_callback_func 1007df68     libucrt:exit.obj
 0003:00055f6c       ?c_exit_complete@?5??common_exit@@YAXHW4_crt_exit_cleanup_mode@@W4_crt_exit_return_mode@@@Z@4_NA 1007df6c     libucrt:exit.obj
 0003:00055f70       ?program_name@?5???$common_configure_argv@D@@YAHW4_crt_argv_mode@@@Z@4PADA 1007df70     libucrt:argv_parsing.obj
 0003:000560a0       ___acrt_lock_table         1007e0a0     libucrt:locks.obj
 0003:000561d8       ___acrt_locks_initialized  1007e1d8     libucrt:locks.obj
 0003:000561e0       _module_handles            1007e1e0     libucrt:winapi_thunks.obj
 0003:00056230       _encoded_function_pointers 1007e230     libucrt:winapi_thunks.obj
 0003:000562b0       ?static_enum_proc@?1??enum_system_locales_ex_nolock@@YAHQ6GHPA_WKJ@Z@Z@4P6GH0KJ@ZA 1007e2b0     libucrt:winapi_thunks.obj
 0003:000562b4       ?state_cache@?1??__acrt_is_packaged_app@@9@4JA 1007e2b4     libucrt:winapi_thunks.obj
 0003:000564bc       _enable_percent_n          1007e4bc     libucrt:printf_count_output.obj
 0003:000564cc       ___acrt_app_type           1007e4cc     libucrt:report_runtime_error.obj
 0003:000564d0       ___acrt_error_mode         1007e4d0     libucrt:set_error_mode.obj
 0003:000564d4       _ctrlc_action              1007e4d4     libucrt:signal.obj
 0003:000564d8       _ctrlbreak_action          1007e4d8     libucrt:signal.obj
 0003:000564dc       _abort_action              1007e4dc     libucrt:signal.obj
 0003:000564e0       _term_action               1007e4e0     libucrt:signal.obj
 0003:000564fc       _fSystemSet                1007e4fc     libucrt:mbctype.obj
 0003:00056500       ?initialized@?1??__acrt_initialize_multibyte@@9@4_NA 1007e500     libucrt:mbctype.obj
 0003:00056520       _user_matherr              1007e520     libucrt:matherr.obj
 0003:00056524       ___acrt_global_new_mode    1007e524     libucrt:new_mode.obj
 0003:00056534       __pmatherr_set             1007e534     libucrt:libm_error.obj
 0004:00000000       __guard_fids____dcrt_uninitialize_environments_nolock 1007f000     libucrt:environment_initialization.obj
 0004:00000008       __guard_fids__             1007f008     libucrt:initialization.obj
 0004:00000068       __guard_fids____acrt_initialize_ptd 1007f068     libucrt:per_thread_data.obj
 0004:0000006c       __guard_fids__             1007f06c     libucrt:wsetlocale.obj
 0004:00000084       __guard_fids__             1007f084     libucrt:stdio_initializer.obj
 0004:00000088       __guard_fids__             1007f088     libucrt:stdio_initializer.obj
 0004:0000008c       __guard_fids_??$?RV<lambda_9227be29367c048ad7fd93a717dcb1a1>@@AAV<lambda_a463b7b0560cfcaf9b17f27c6ef46564>@@V<lambda_ccea11b5727ccf69be64f5f5d9a08d9f>@@@?$__crt_seh_guarded_call@H@@QAEH$$QAV<lambda_9227be29367c048ad7fd93a717dcb1a1>@@AAV<lambda_a463b7b0560cfcaf9b17f27c6ef46564>@@$$QAV<lambda_ccea11b5727ccf69be64f5f5d9a08d9f>@@@Z 1007f08c     libucrt:winapi_thunks.obj
 0004:00000090       __guard_fids_??$common_show_message_box@_W@@YAHQB_W0I@Z 1007f090     libucrt:crtmbox.obj
 0004:00000094       __guard_fids_??$expand_argument_wildcards@D@@YAHQAD0AAV?$argument_list@D@?A0xb0e4b824@@@Z 1007f094     libucrt:argv_wildcards.obj
 0004:00000098       __guard_fids__             1007f098     libucrt:locale_initializer.obj
 0004:0000009c       __guard_fids__GetLocaleNameFromLangCountry 1007f09c     libucrt:get_qualified_locale.obj
 0004:000000a0       __guard_fids__GetLocaleNameFromLanguage 1007f0a0     libucrt:get_qualified_locale.obj
 0004:000000a4       __guard_fids__GetLcidFromLangCountry 1007f0a4     libucrt:getqloc_downlevel.obj
 0004:000000a8       __guard_fids__GetLcidFromLanguage 1007f0a8     libucrt:getqloc_downlevel.obj
 0004:000000ac       __guard_fids__GetLcidFromCountry 1007f0ac     libucrt:getqloc_downlevel.obj
 0004:000000b0       __guard_fids__             1007f0b0     libucrt:multibyte_initializer.obj
 0004:000000b4       __guard_fids____libm_error_support 1007f0b4     libucrt:libm_error.obj
 0004:000000b8       __guard_fids__             1007f0b8     libucrt:console_output_initializer.obj
 0004:000000bc       __guard_fids__             1007f0bc     libucrt:sse2_initializer.obj
 0004:000000c0       __guard_fids__             1007f0c0     libcpmt:xthrow.obj
 0004:000000c8       __guard_fids__             1007f0c8     libcpmt:xthrow.obj
 0004:000000d0       __guard_fids__             1007f0d0     libcpmt:xthrow.obj
 0004:000000d8       __guard_fids__             1007f0d8     libcpmt:xthrow.obj
 0004:000000e0       __guard_fids__             1007f0e0     libcpmt:xthrow.obj
 0004:000000e8       __guard_fids__             1007f0e8     libcpmt:xthrow.obj
 0004:000000ec       __guard_fids__             1007f0ec     libcpmt:xthrow.obj
 0004:000000f0       __guard_fids__             1007f0f0     libcpmt:xthrow.obj
 0004:000000f4       __guard_fids__             1007f0f4     libcpmt:xthrow.obj
 0004:000000f8       __guard_fids__             1007f0f8     libcpmt:xthrow.obj
 0004:000000fc       __guard_fids__             1007f0fc     libcpmt:xthrow.obj
 0004:00000100       __guard_fids__             1007f100     libcpmt:xthrow.obj
 0004:00000104       __guard_fids__             1007f104     libcpmt:xthrow.obj
 0004:00000108       __guard_fids__             1007f108     LIBCMT:std_type_info_static.obj
 0004:0000010c       __guard_fids_?dllmain_crt_process_attach@@YAHQAUHINSTANCE__@@QAX@Z 1007f10c     LIBCMT:dll_dllmain.obj
 0004:00000114       __guard_fids_?dllmain_dispatch@@YAHQAUHINSTANCE__@@KQAX@Z 1007f114     LIBCMT:dll_dllmain.obj
 0004:00000118       __guard_fids__             1007f118     LIBCMT:throw_bad_alloc.obj
 0004:00000120       __guard_fids__             1007f120     LIBCMT:throw_bad_alloc.obj
 0004:00000124       __guard_fids__             1007f124     LIBCMT:throw_bad_alloc.obj
 0004:00000128       __guard_fids__             1007f128     LIBCMT:guard_support.obj
 0004:0000012c       __guard_fids____vcrt_initialize_ptd 1007f12c     libvcruntime:per_thread_data.obj
 0005:00000060       $R000000                   10080060     * linker generated manifest res *

 Exports

  ordinal    name

        1    __register_LX_
               exported name: _register_LX_
